Archive member included to satisfy reference by file (symbol)

/usr/lib/gcc/arm-none-eabi/5.2.0/../../../../arm-none-eabi/lib/armv7e-m/fpu/libm.a(lib_a-w_pow.o)
                              build/obj/main.o (pow)
/usr/lib/gcc/arm-none-eabi/5.2.0/../../../../arm-none-eabi/lib/armv7e-m/fpu/libm.a(lib_a-w_sqrt.o)
                              build/obj/main.o (sqrt)
/usr/lib/gcc/arm-none-eabi/5.2.0/../../../../arm-none-eabi/lib/armv7e-m/fpu/libm.a(lib_a-e_pow.o)
                              /usr/lib/gcc/arm-none-eabi/5.2.0/../../../../arm-none-eabi/lib/armv7e-m/fpu/libm.a(lib_a-w_pow.o) (__ieee754_pow)
/usr/lib/gcc/arm-none-eabi/5.2.0/../../../../arm-none-eabi/lib/armv7e-m/fpu/libm.a(lib_a-e_sqrt.o)
                              /usr/lib/gcc/arm-none-eabi/5.2.0/../../../../arm-none-eabi/lib/armv7e-m/fpu/libm.a(lib_a-w_sqrt.o) (__ieee754_sqrt)
/usr/lib/gcc/arm-none-eabi/5.2.0/../../../../arm-none-eabi/lib/armv7e-m/fpu/libm.a(lib_a-s_fabs.o)
                              /usr/lib/gcc/arm-none-eabi/5.2.0/../../../../arm-none-eabi/lib/armv7e-m/fpu/libm.a(lib_a-e_pow.o) (fabs)
/usr/lib/gcc/arm-none-eabi/5.2.0/../../../../arm-none-eabi/lib/armv7e-m/fpu/libm.a(lib_a-s_finite.o)
                              /usr/lib/gcc/arm-none-eabi/5.2.0/../../../../arm-none-eabi/lib/armv7e-m/fpu/libm.a(lib_a-w_pow.o) (finite)
/usr/lib/gcc/arm-none-eabi/5.2.0/../../../../arm-none-eabi/lib/armv7e-m/fpu/libm.a(lib_a-s_fpclassify.o)
                              /usr/lib/gcc/arm-none-eabi/5.2.0/../../../../arm-none-eabi/lib/armv7e-m/fpu/libm.a(lib_a-w_pow.o) (__fpclassifyd)
/usr/lib/gcc/arm-none-eabi/5.2.0/../../../../arm-none-eabi/lib/armv7e-m/fpu/libm.a(lib_a-s_lib_ver.o)
                              /usr/lib/gcc/arm-none-eabi/5.2.0/../../../../arm-none-eabi/lib/armv7e-m/fpu/libm.a(lib_a-w_pow.o) (__fdlib_version)
/usr/lib/gcc/arm-none-eabi/5.2.0/../../../../arm-none-eabi/lib/armv7e-m/fpu/libm.a(lib_a-s_matherr.o)
                              /usr/lib/gcc/arm-none-eabi/5.2.0/../../../../arm-none-eabi/lib/armv7e-m/fpu/libm.a(lib_a-w_pow.o) (matherr)
/usr/lib/gcc/arm-none-eabi/5.2.0/../../../../arm-none-eabi/lib/armv7e-m/fpu/libm.a(lib_a-s_nan.o)
                              /usr/lib/gcc/arm-none-eabi/5.2.0/../../../../arm-none-eabi/lib/armv7e-m/fpu/libm.a(lib_a-e_pow.o) (nan)
/usr/lib/gcc/arm-none-eabi/5.2.0/../../../../arm-none-eabi/lib/armv7e-m/fpu/libm.a(lib_a-s_rint.o)
                              /usr/lib/gcc/arm-none-eabi/5.2.0/../../../../arm-none-eabi/lib/armv7e-m/fpu/libm.a(lib_a-w_pow.o) (rint)
/usr/lib/gcc/arm-none-eabi/5.2.0/../../../../arm-none-eabi/lib/armv7e-m/fpu/libm.a(lib_a-s_scalbn.o)
                              /usr/lib/gcc/arm-none-eabi/5.2.0/../../../../arm-none-eabi/lib/armv7e-m/fpu/libm.a(lib_a-e_pow.o) (scalbn)
/usr/lib/gcc/arm-none-eabi/5.2.0/../../../../arm-none-eabi/lib/armv7e-m/fpu/libm.a(lib_a-s_copysign.o)
                              /usr/lib/gcc/arm-none-eabi/5.2.0/../../../../arm-none-eabi/lib/armv7e-m/fpu/libm.a(lib_a-s_scalbn.o) (copysign)
/usr/lib/gcc/arm-none-eabi/5.2.0/armv7e-m/fpu/libgcc.a(_arm_addsubdf3.o)
                              build/obj/main.o (__aeabi_dsub)
/usr/lib/gcc/arm-none-eabi/5.2.0/armv7e-m/fpu/libgcc.a(_arm_muldivdf3.o)
                              build/obj/main.o (__aeabi_dmul)
/usr/lib/gcc/arm-none-eabi/5.2.0/armv7e-m/fpu/libgcc.a(_arm_cmpdf2.o)
                              /usr/lib/gcc/arm-none-eabi/5.2.0/../../../../arm-none-eabi/lib/armv7e-m/fpu/libm.a(lib_a-w_pow.o) (__aeabi_dcmpeq)
/usr/lib/gcc/arm-none-eabi/5.2.0/armv7e-m/fpu/libgcc.a(_arm_truncdfsf2.o)
                              build/obj/main.o (__aeabi_d2f)
/usr/lib/gcc/arm-none-eabi/5.2.0/../../../../arm-none-eabi/lib/armv7e-m/fpu/libg.a(lib_a-errno.o)
                              /usr/lib/gcc/arm-none-eabi/5.2.0/../../../../arm-none-eabi/lib/armv7e-m/fpu/libm.a(lib_a-w_pow.o) (__errno)
/usr/lib/gcc/arm-none-eabi/5.2.0/../../../../arm-none-eabi/lib/armv7e-m/fpu/libg.a(lib_a-impure.o)
                              /usr/lib/gcc/arm-none-eabi/5.2.0/../../../../arm-none-eabi/lib/armv7e-m/fpu/libg.a(lib_a-errno.o) (_impure_ptr)

Discarded input sections

 .data          0x0000000000000000        0x0 build/obj/crt0_v7m.o
 .bss           0x0000000000000000        0x0 build/obj/crt0_v7m.o
 .data          0x0000000000000000        0x0 build/obj/chcoreasm_v7m.o
 .bss           0x0000000000000000        0x0 build/obj/chcoreasm_v7m.o
 .text          0x0000000000000000        0x0 build/obj/crt1.o
 .data          0x0000000000000000        0x0 build/obj/crt1.o
 .bss           0x0000000000000000        0x0 build/obj/crt1.o
 .text.__early_init
                0x0000000000000000       0x10 build/obj/crt1.o
 .text          0x0000000000000000        0x0 build/obj/vectors.o
 .data          0x0000000000000000        0x0 build/obj/vectors.o
 .bss           0x0000000000000000        0x0 build/obj/vectors.o
 .text          0x0000000000000000        0x0 build/obj/chsys.o
[...]
Memory Configuration

Name             Origin             Length             Attributes
flash            0x0000000008000000 0x0000000000040000
ram0             0x0000000020000000 0x0000000000010000
ram1             0x0000000000000000 0x0000000000000000
ram2             0x0000000000000000 0x0000000000000000
ram3             0x0000000000000000 0x0000000000000000
ram4             0x0000000000000000 0x0000000000000000
ram5             0x0000000000000000 0x0000000000000000
ram6             0x0000000000000000 0x0000000000000000
ram7             0x0000000000000000 0x0000000000000000
*default*        0x0000000000000000 0xffffffffffffffff

Linker script and memory map

LOAD build/obj/crt0_v7m.o
LOAD build/obj/chcoreasm_v7m.o
LOAD build/obj/crt1.o
LOAD build/obj/vectors.o
LOAD build/obj/chsys.o
LOAD build/obj/chdebug.o
LOAD build/obj/chvt.o
LOAD build/obj/chschd.o
LOAD build/obj/chthreads.o
LOAD build/obj/chtm.o
LOAD build/obj/chdynamic.o
LOAD build/obj/chregistry.o
LOAD build/obj/chsem.o
LOAD build/obj/chmtx.o
LOAD build/obj/chcond.o
LOAD build/obj/chevents.o
LOAD build/obj/chmsg.o
LOAD build/obj/chmboxes.o
LOAD build/obj/chqueues.o
LOAD build/obj/chmemcore.o
LOAD build/obj/chheap.o
LOAD build/obj/chmempools.o
LOAD build/obj/chcore.o
LOAD build/obj/chcore_v7m.o
LOAD build/obj/osal.o
LOAD build/obj/hal.o
LOAD build/obj/st.o
LOAD build/obj/hal_queues.o
LOAD build/obj/hal_mmcsd.o
LOAD build/obj/adc.o
LOAD build/obj/pal.o
LOAD build/obj/serial.o
LOAD build/obj/uart.o
LOAD build/obj/nvic.o
LOAD build/obj/stm32_dma.o
LOAD build/obj/hal_lld.o
LOAD build/obj/st_lld.o
LOAD build/obj/adc_lld.o
LOAD build/obj/pal_lld.o
LOAD build/obj/serial_lld.o
LOAD build/obj/uart_lld.o
LOAD build/obj/board.o
LOAD build/obj/test.o
LOAD build/obj/testthd.o
LOAD build/obj/testsem.o
LOAD build/obj/testmtx.o
LOAD build/obj/testmsg.o
LOAD build/obj/testmbox.o
LOAD build/obj/testevt.o
LOAD build/obj/testheap.o
LOAD build/obj/testpools.o
LOAD build/obj/testdyn.o
LOAD build/obj/testqueues.o
LOAD build/obj/testsys.o
LOAD build/obj/testbmk.o
LOAD build/obj/chprintf.o
LOAD build/obj/main.o
                0x0000000020000000                __ram0_start__ = ORIGIN (ram0)
                0x0000000000010000                __ram0_size__ = 0x10000
                0x0000000020010000                __ram0_end__ = (__ram0_start__ + __ram0_size__)
                0x0000000000000000                __ram1_start__ = ORIGIN (ram1)
                0x0000000000000000                __ram1_size__ = 0x0
                0x0000000000000000                __ram1_end__ = (__ram1_start__ + __ram1_size__)
                0x0000000000000000                __ram2_start__ = ORIGIN (ram2)
                0x0000000000000000                __ram2_size__ = 0x0
                0x0000000000000000                __ram2_end__ = (__ram2_start__ + __ram2_size__)
                0x0000000000000000                __ram3_start__ = ORIGIN (ram3)
                0x0000000000000000                __ram3_size__ = 0x0
                0x0000000000000000                __ram3_end__ = (__ram3_start__ + __ram3_size__)
                0x0000000000000000                __ram4_start__ = ORIGIN (ram4)
                0x0000000000000000                __ram4_size__ = 0x0
                0x0000000000000000                __ram4_end__ = (__ram4_start__ + __ram4_size__)
                0x0000000000000000                __ram5_start__ = ORIGIN (ram5)
                0x0000000000000000                __ram5_size__ = 0x0
                0x0000000000000000                __ram5_end__ = (__ram5_start__ + __ram5_size__)
                0x0000000000000000                __ram6_start__ = ORIGIN (ram6)
                0x0000000000000000                __ram6_size__ = 0x0
                0x0000000000000000                __ram6_end__ = (__ram6_start__ + __ram6_size__)
                0x0000000000000000                __ram7_start__ = ORIGIN (ram7)
                0x0000000000000000                __ram7_size__ = 0x0
                0x0000000000000000                __ram7_end__ = (__ram7_start__ + __ram7_size__)
                0x0000000000000000                . = 0x0
                0x0000000000000000                _text = .

startup         0x0000000008000000      0x1c0
 *(.vectors)
 .vectors       0x0000000008000000      0x1c0 build/obj/vectors.o
                0x0000000008000000                _vectors

constructors    0x00000000080001c0        0x0
                0x00000000080001c0                PROVIDE (__init_array_start, .)
 *(SORT(.init_array.*))
 *(.init_array)
                0x00000000080001c0                PROVIDE (__init_array_end, .)

destructors     0x00000000080001c0        0x0
                0x00000000080001c0                PROVIDE (__fini_array_start, .)
 *(.fini_array)
 *(SORT(.fini_array.*))
                0x00000000080001c0                PROVIDE (__fini_array_end, .)

.text           0x00000000080001c0     0x44d4
 *(.text)
 .text          0x00000000080001c0       0xf4 build/obj/crt0_v7m.o
                0x00000000080001c0                Reset_Handler
 *fill*         0x00000000080002b4        0xc 
 .text          0x00000000080002c0       0x30 build/obj/chcoreasm_v7m.o
                0x00000000080002c0                _port_switch
                0x00000000080002d8                _port_thread_start
                0x00000000080002e8                _port_switch_from_isr
                0x00000000080002ec                _port_exit_from_isr
 .text          0x00000000080002f0      0x370 /usr/lib/gcc/arm-none-eabi/5.2.0/armv7e-m/fpu/libgcc.a(_arm_addsubdf3.o)
                0x00000000080002f0                __aeabi_drsub
                0x00000000080002f8                __aeabi_dsub
                0x00000000080002f8                __subdf3
                0x00000000080002fc                __adddf3
                0x00000000080002fc                __aeabi_dadd
                0x0000000008000574                __aeabi_ui2d
                0x0000000008000574                __floatunsidf
                0x0000000008000594                __floatsidf
                0x0000000008000594                __aeabi_i2d
                0x00000000080005b8                __extendsfdf2
                0x00000000080005b8                __aeabi_f2d
                0x00000000080005f4                __aeabi_ul2d
                0x00000000080005f4                __floatundidf
                0x0000000008000604                __floatdidf
                0x0000000008000604                __aeabi_l2d
 .text          0x0000000008000660      0x424 /usr/lib/gcc/arm-none-eabi/5.2.0/armv7e-m/fpu/libgcc.a(_arm_muldivdf3.o)
                0x0000000008000660                __aeabi_dmul
                0x0000000008000660                __muldf3
                0x00000000080008b4                __aeabi_ddiv
                0x00000000080008b4                __divdf3
 *fill*         0x0000000008000a84        0xc 
 .text          0x0000000008000a90      0x110 /usr/lib/gcc/arm-none-eabi/5.2.0/armv7e-m/fpu/libgcc.a(_arm_cmpdf2.o)
                0x0000000008000a90                __gtdf2
                0x0000000008000a90                __gedf2
                0x0000000008000a98                __ltdf2
                0x0000000008000a98                __ledf2
                0x0000000008000aa0                __cmpdf2
                0x0000000008000aa0                __eqdf2
                0x0000000008000aa0                __nedf2
                0x0000000008000b1c                __aeabi_cdrcmple
                0x0000000008000b2c                __aeabi_cdcmple
                0x0000000008000b2c                __aeabi_cdcmpeq
                0x0000000008000b3c                __aeabi_dcmpeq
                0x0000000008000b50                __aeabi_dcmplt
                0x0000000008000b64                __aeabi_dcmple
                0x0000000008000b78                __aeabi_dcmpge
                0x0000000008000b8c                __aeabi_dcmpgt
 .text          0x0000000008000ba0       0xa0 /usr/lib/gcc/arm-none-eabi/5.2.0/armv7e-m/fpu/libgcc.a(_arm_truncdfsf2.o)
                0x0000000008000ba0                __aeabi_d2f
                0x0000000008000ba0                __truncdfsf2
 *(.text.*)
 .text.__late_init
                0x0000000008000c40       0x10 build/obj/crt1.o
                0x0000000008000c40                __late_init
 .text.__default_exit
                0x0000000008000c50       0x10 build/obj/crt1.o
                0x0000000008000c50                __default_exit
 .text._unhandled_exception
                0x0000000008000c60       0x10 build/obj/vectors.o
                0x0000000008000c60                Vector58
                0x0000000008000c60                Vector9C
                0x0000000008000c60                VectorE8
                0x0000000008000c60                VectorAC
                0x0000000008000c60                DebugMon_Handler
                0x0000000008000c60                Vector1A0
                0x0000000008000c60                Vector5C
                0x0000000008000c60                Vector11C
                0x0000000008000c60                HardFault_Handler
                0x0000000008000c60                Vector1B8
                0x0000000008000c60                Vector19C
                0x0000000008000c60                SysTick_Handler
                0x0000000008000c60                Vector8C
                0x0000000008000c60                VectorDC
                0x0000000008000c60                PendSV_Handler
                0x0000000008000c60                Vector168
                0x0000000008000c60                NMI_Handler
                0x0000000008000c60                Vector110
                0x0000000008000c60                VectorC8
                0x0000000008000c60                Vector94
                0x0000000008000c60                VectorA8
                0x0000000008000c60                VectorB4
                0x0000000008000c60                Vector160
                0x0000000008000c60                Vector1B0
                0x0000000008000c60                UsageFault_Handler
                0x0000000008000c60                VectorEC
                0x0000000008000c60                Vector40
                0x0000000008000c60                VectorF8
                0x0000000008000c60                Vector108
                0x0000000008000c60                VectorBC
                0x0000000008000c60                Vector190
                0x0000000008000c60                Vector148
                0x0000000008000c60                Vector188
                0x0000000008000c60                Vector198
                0x0000000008000c60                Vector118
                0x0000000008000c60                Vector64
                0x0000000008000c60                VectorCC
                0x0000000008000c60                Vector54
                0x0000000008000c60                Vector98
                0x0000000008000c60                Vector138
                0x0000000008000c60                Vector24
                0x0000000008000c60                Vector1AC
                0x0000000008000c60                Vector178
                0x0000000008000c60                Vector1A4
                0x0000000008000c60                VectorD0
                0x0000000008000c60                Vector1B4
                0x0000000008000c60                Vector140
                0x0000000008000c60                VectorE4
                0x0000000008000c60                VectorC0
                0x0000000008000c60                Vector134
                0x0000000008000c60                VectorF0
                0x0000000008000c60                Vector13C
                0x0000000008000c60                Vector100
                0x0000000008000c60                VectorE0
                0x0000000008000c60                VectorF4
                0x0000000008000c60                MemManage_Handler
                0x0000000008000c60                VectorA0
                0x0000000008000c60                VectorC4
                0x0000000008000c60                Vector180
                0x0000000008000c60                Vector90
                0x0000000008000c60                Vector114
                0x0000000008000c60                Vector60
                0x0000000008000c60                Vector164
                0x0000000008000c60                Vector1C
                0x0000000008000c60                Vector1BC
                0x0000000008000c60                Vector17C
                0x0000000008000c60                Vector48
                0x0000000008000c60                Vector1A8
                0x0000000008000c60                Vector16C
                0x0000000008000c60                Vector4C
                0x0000000008000c60                Vector144
                0x0000000008000c60                Vector15C
                0x0000000008000c60                Vector68
                0x0000000008000c60                _unhandled_exception
                0x0000000008000c60                Vector170
                0x0000000008000c60                Vector104
                0x0000000008000c60                Vector184
                0x0000000008000c60                Vector10C
                0x0000000008000c60                Vector14C
                0x0000000008000c60                BusFault_Handler
                0x0000000008000c60                Vector50
                0x0000000008000c60                Vector194
                0x0000000008000c60                Vector44
                0x0000000008000c60                Vector28
                0x0000000008000c60                VectorB8
                0x0000000008000c60                Vector34
                0x0000000008000c60                VectorA4
                0x0000000008000c60                Vector20
                0x0000000008000c60                Vector18C
                0x0000000008000c60                Vector174
 .text._idle_thread
                0x0000000008000c70       0x10 build/obj/chsys.o
 .text.chSysInit
                0x0000000008000c80       0xb0 build/obj/chsys.o
                0x0000000008000c80                chSysInit
 .text.chSysTimerHandlerI
                0x0000000008000d30       0x80 build/obj/chsys.o
                0x0000000008000d30                chSysTimerHandlerI
 .text._vt_init
                0x0000000008000db0       0x20 build/obj/chvt.o
                0x0000000008000db0                _vt_init
 .text.chVTDoSetI
                0x0000000008000dd0       0x80 build/obj/chvt.o
                0x0000000008000dd0                chVTDoSetI
 .text.chVTDoResetI
                0x0000000008000e50       0x80 build/obj/chvt.o
                0x0000000008000e50                chVTDoResetI
 .text.wakeup   0x0000000008000ed0       0x70 build/obj/chschd.o
 .text._scheduler_init
                0x0000000008000f40       0x20 build/obj/chschd.o
                0x0000000008000f40                _scheduler_init
 .text.chSchReadyI
                0x0000000008000f60       0x30 build/obj/chschd.o
                0x0000000008000f60                chSchReadyI
 .text.chSchGoSleepS
                0x0000000008000f90       0x30 build/obj/chschd.o
                0x0000000008000f90                chSchGoSleepS
 .text.chSchGoSleepTimeoutS
                0x0000000008000fc0       0x50 build/obj/chschd.o
                0x0000000008000fc0                chSchGoSleepTimeoutS
 .text.chSchWakeupS
                0x0000000008001010       0x60 build/obj/chschd.o
                0x0000000008001010                chSchWakeupS
 .text.chSchIsPreemptionRequired
                0x0000000008001070       0x20 build/obj/chschd.o
                0x0000000008001070                chSchIsPreemptionRequired
 .text.chSchDoRescheduleAhead
                0x0000000008001090       0x40 build/obj/chschd.o
                0x0000000008001090                chSchDoRescheduleAhead
 .text.chSchDoReschedule
                0x00000000080010d0       0x10 build/obj/chschd.o
                0x00000000080010d0                chSchDoReschedule
 .text._thread_init
                0x00000000080010e0       0x40 build/obj/chthreads.o
                0x00000000080010e0                _thread_init
 .text.chThdCreateStatic
                0x0000000008001120       0x70 build/obj/chthreads.o
                0x0000000008001120                chThdCreateStatic
 .text.chThdSleep
                0x0000000008001190       0x20 build/obj/chthreads.o
                0x0000000008001190                chThdSleep
 .text.chThdExitS
                0x00000000080011b0       0x40 build/obj/chthreads.o
                0x00000000080011b0                chThdExitS
 .text.chThdExit
                0x00000000080011f0       0x10 build/obj/chthreads.o
                0x00000000080011f0                chThdExit
 .text.chThdResumeI
                0x0000000008001200       0x20 build/obj/chthreads.o
                0x0000000008001200                chThdResumeI
 .text.chThdEnqueueTimeoutS
                0x0000000008001220       0x30 build/obj/chthreads.o
                0x0000000008001220                chThdEnqueueTimeoutS
 .text.chThdDequeueNextI
                0x0000000008001250       0x20 build/obj/chthreads.o
                0x0000000008001250                chThdDequeueNextI
 .text.chTMStartMeasurementX
                0x0000000008001270       0x10 build/obj/chtm.o
                0x0000000008001270                chTMStartMeasurementX
 .text.chTMStopMeasurementX
                0x0000000008001280       0x50 build/obj/chtm.o
                0x0000000008001280                chTMStopMeasurementX
 .text._tm_init
                0x00000000080012d0       0x40 build/obj/chtm.o
                0x00000000080012d0                _tm_init
 .text.chMtxObjectInit
                0x0000000008001310       0x10 build/obj/chmtx.o
                0x0000000008001310                chMtxObjectInit
 .text.chEvtSignalI
                0x0000000008001320       0x30 build/obj/chevents.o
                0x0000000008001320                chEvtSignalI
 .text.chEvtBroadcastFlagsI
                0x0000000008001350       0x30 build/obj/chevents.o
                0x0000000008001350                chEvtBroadcastFlagsI
 .text.chIQObjectInit
                0x0000000008001380       0x20 build/obj/chqueues.o
                0x0000000008001380                chIQObjectInit
 .text.chIQPutI
                0x00000000080013a0       0x40 build/obj/chqueues.o
                0x00000000080013a0                chIQPutI
 .text.chIQGetTimeout
                0x00000000080013e0       0x50 build/obj/chqueues.o
                0x00000000080013e0                chIQGetTimeout
 .text.chIQReadTimeout
                0x0000000008001430       0x80 build/obj/chqueues.o
                0x0000000008001430                chIQReadTimeout
 .text.chOQObjectInit
                0x00000000080014b0       0x20 build/obj/chqueues.o
                0x00000000080014b0                chOQObjectInit
 .text.chOQPutTimeout
                0x00000000080014d0       0x50 build/obj/chqueues.o
                0x00000000080014d0                chOQPutTimeout
 .text.chOQGetI
                0x0000000008001520       0x40 build/obj/chqueues.o
                0x0000000008001520                chOQGetI
 .text.chOQWriteTimeout
                0x0000000008001560       0x90 build/obj/chqueues.o
                0x0000000008001560                chOQWriteTimeout
 .text._core_init
                0x00000000080015f0       0x30 build/obj/chmemcore.o
                0x00000000080015f0                _core_init
 .text.chCoreAlloc
                0x0000000008001620       0x40 build/obj/chmemcore.o
                0x0000000008001620                chCoreAlloc
 .text._heap_init
                0x0000000008001660       0x20 build/obj/chheap.o
                0x0000000008001660                _heap_init
 .text.SVC_Handler
                0x0000000008001680       0x20 build/obj/chcore_v7m.o
                0x0000000008001680                SVC_Handler
 .text._port_irq_epilogue
                0x00000000080016a0       0x60 build/obj/chcore_v7m.o
                0x00000000080016a0                _port_irq_epilogue
 .text.halInit  0x0000000008001700       0x30 build/obj/hal.o
                0x0000000008001700                halInit
 .text.stInit   0x0000000008001730       0x10 build/obj/st.o
                0x0000000008001730                stInit
 .text.stStartAlarm
                0x0000000008001740       0x10 build/obj/st.o
                0x0000000008001740                stStartAlarm
 .text.stStopAlarm
                0x0000000008001750       0x10 build/obj/st.o
                0x0000000008001750                stStopAlarm
 .text.stSetAlarm
                0x0000000008001760       0x10 build/obj/st.o
                0x0000000008001760                stSetAlarm
 .text.adcInit  0x0000000008001770       0x10 build/obj/adc.o
                0x0000000008001770                adcInit
 .text.adcObjectInit
                0x0000000008001780       0x20 build/obj/adc.o
                0x0000000008001780                adcObjectInit
 .text.adcStart
                0x00000000080017a0       0x20 build/obj/adc.o
                0x00000000080017a0                adcStart
 .text.adcStartConversion
                0x00000000080017c0       0x20 build/obj/adc.o
                0x00000000080017c0                adcStartConversion
 .text.readt    0x00000000080017e0       0x10 build/obj/serial.o
 .text.read     0x00000000080017f0       0x10 build/obj/serial.o
 .text.writet   0x0000000008001800       0x10 build/obj/serial.o
 .text.write    0x0000000008001810       0x10 build/obj/serial.o
 .text.gett     0x0000000008001820       0x10 build/obj/serial.o
 .text.get      0x0000000008001830       0x10 build/obj/serial.o
 .text.putt     0x0000000008001840       0x10 build/obj/serial.o
 .text.put      0x0000000008001850       0x10 build/obj/serial.o
 .text.sdInit   0x0000000008001860       0x10 build/obj/serial.o
                0x0000000008001860                sdInit
 .text.sdObjectInit
                0x0000000008001870       0x40 build/obj/serial.o
                0x0000000008001870                sdObjectInit
 .text.sdStart  0x00000000080018b0       0x20 build/obj/serial.o
                0x00000000080018b0                sdStart
 .text.sdIncomingDataI
                0x00000000080018d0       0x40 build/obj/serial.o
                0x00000000080018d0                sdIncomingDataI
 .text.uartInit
                0x0000000008001910       0x10 build/obj/uart.o
                0x0000000008001910                uartInit
 .text.uartObjectInit
                0x0000000008001920       0x10 build/obj/uart.o
                0x0000000008001920                uartObjectInit
 .text.nvicEnableVector
                0x0000000008001930       0x40 build/obj/nvic.o
                0x0000000008001930                nvicEnableVector
 .text.Vector6C
                0x0000000008001970       0x30 build/obj/stm32_dma.o
                0x0000000008001970                Vector6C
 .text.Vector70
                0x00000000080019a0       0x30 build/obj/stm32_dma.o
                0x00000000080019a0                Vector70
 .text.Vector74
                0x00000000080019d0       0x30 build/obj/stm32_dma.o
                0x00000000080019d0                Vector74
 .text.Vector78
                0x0000000008001a00       0x30 build/obj/stm32_dma.o
                0x0000000008001a00                Vector78
 .text.Vector7C
                0x0000000008001a30       0x30 build/obj/stm32_dma.o
                0x0000000008001a30                Vector7C
 .text.Vector80
                0x0000000008001a60       0x30 build/obj/stm32_dma.o
                0x0000000008001a60                Vector80
 .text.Vector84
                0x0000000008001a90       0x30 build/obj/stm32_dma.o
                0x0000000008001a90                Vector84
 .text.VectorFC
                0x0000000008001ac0       0x30 build/obj/stm32_dma.o
                0x0000000008001ac0                VectorFC
 .text.Vector120
                0x0000000008001af0       0x30 build/obj/stm32_dma.o
                0x0000000008001af0                Vector120
 .text.Vector124
                0x0000000008001b20       0x30 build/obj/stm32_dma.o
                0x0000000008001b20                Vector124
 .text.Vector128
                0x0000000008001b50       0x30 build/obj/stm32_dma.o
                0x0000000008001b50                Vector128
 .text.Vector12C
                0x0000000008001b80       0x30 build/obj/stm32_dma.o
                0x0000000008001b80                Vector12C
 .text.Vector130
                0x0000000008001bb0       0x30 build/obj/stm32_dma.o
                0x0000000008001bb0                Vector130
 .text.Vector150
                0x0000000008001be0       0x30 build/obj/stm32_dma.o
                0x0000000008001be0                Vector150
 .text.Vector154
                0x0000000008001c10       0x30 build/obj/stm32_dma.o
                0x0000000008001c10                Vector154
 .text.Vector158
                0x0000000008001c40       0x30 build/obj/stm32_dma.o
                0x0000000008001c40                Vector158
 .text.dmaInit  0x0000000008001c70       0x60 build/obj/stm32_dma.o
                0x0000000008001c70                dmaInit
 .text.dmaStreamAllocate
                0x0000000008001cd0       0x90 build/obj/stm32_dma.o
                0x0000000008001cd0                dmaStreamAllocate
 .text.hal_lld_init
                0x0000000008001d60       0x70 build/obj/hal_lld.o
                0x0000000008001d60                hal_lld_init
 .text.stm32_clock_init
                0x0000000008001dd0       0xd0 build/obj/hal_lld.o
                0x0000000008001dd0                stm32_clock_init
 .text.VectorB0
                0x0000000008001ea0       0x30 build/obj/st_lld.o
                0x0000000008001ea0                VectorB0
 .text.st_lld_init
                0x0000000008001ed0       0x50 build/obj/st_lld.o
                0x0000000008001ed0                st_lld_init
 .text.adc_lld_serve_rx_interrupt
                0x0000000008001f20      0x120 build/obj/adc_lld.o
 .text.Vector88
                0x0000000008002040       0x90 build/obj/adc_lld.o
                0x0000000008002040                Vector88
 .text.adc_lld_init
                0x00000000080020d0       0x40 build/obj/adc_lld.o
                0x00000000080020d0                adc_lld_init
 .text.adc_lld_start
                0x0000000008002110       0x70 build/obj/adc_lld.o
                0x0000000008002110                adc_lld_start
 .text.adc_lld_start_conversion
                0x0000000008002180       0xa0 build/obj/adc_lld.o
                0x0000000008002180                adc_lld_start_conversion
 .text.adcSTM32EnableTSVREFE
                0x0000000008002220       0x10 build/obj/adc_lld.o
                0x0000000008002220                adcSTM32EnableTSVREFE
 .text._pal_lld_init
                0x0000000008002230      0x110 build/obj/pal_lld.o
                0x0000000008002230                _pal_lld_init
 .text._pal_lld_setgroupmode
                0x0000000008002340       0xc0 build/obj/pal_lld.o
                0x0000000008002340                _pal_lld_setgroupmode
 .text.notify1  0x0000000008002400       0x10 build/obj/serial_lld.o
 .text.VectorD4
                0x0000000008002410      0x120 build/obj/serial_lld.o
                0x0000000008002410                VectorD4
 .text.sd_lld_init
                0x0000000008002530       0x20 build/obj/serial_lld.o
                0x0000000008002530                sd_lld_init
 .text.sd_lld_start
                0x0000000008002550       0xa0 build/obj/serial_lld.o
                0x0000000008002550                sd_lld_start
 .text.VectorD8
                0x00000000080025f0       0x80 build/obj/uart_lld.o
                0x00000000080025f0                VectorD8
 .text.uart_lld_init
                0x0000000008002670       0x30 build/obj/uart_lld.o
                0x0000000008002670                uart_lld_init
 .text.__early_init
                0x00000000080026a0       0x10 build/obj/board.o
                0x00000000080026a0                __early_init
 .text.boardInit
                0x00000000080026b0       0x10 build/obj/board.o
                0x00000000080026b0                boardInit
 .text.ch_ltoa  0x00000000080026c0       0x50 build/obj/chprintf.o
 .text.chvprintf
                0x0000000008002710      0x310 build/obj/chprintf.o
                0x0000000008002710                chvprintf
 .text.adcerrorcallback
                0x0000000008002a20       0x10 build/obj/main.o
 .text.Thread1  0x0000000008002a30       0x40 build/obj/main.o
 .text.chprintf.constprop.0
                0x0000000008002a70       0x30 build/obj/main.o
 .text.intToStr
                0x0000000008002aa0       0x80 build/obj/main.o
                0x0000000008002aa0                intToStr
 .text.ftoa     0x0000000008002b20       0x90 build/obj/main.o
                0x0000000008002b20                ftoa
 .text.lcd_setio
                0x0000000008002bb0       0x50 build/obj/main.o
                0x0000000008002bb0                lcd_setio
 .text.lcd_pulsen
                0x0000000008002c00       0x20 build/obj/main.o
                0x0000000008002c00                lcd_pulsen
 .text.lcd_sendByte
                0x0000000008002c20       0x30 build/obj/main.o
                0x0000000008002c20                lcd_sendByte
 .text.lcd_init
                0x0000000008002c50       0x90 build/obj/main.o
                0x0000000008002c50                lcd_init
 .text.lcd_printf
                0x0000000008002ce0       0x30 build/obj/main.o
                0x0000000008002ce0                lcd_printf
 .text.chprint_float
                0x0000000008002d10       0x40 build/obj/main.o
                0x0000000008002d10                chprint_float
 .text.startup.main
                0x0000000008002d50      0x2a0 build/obj/main.o
                0x0000000008002d50                main
 .text.pow      0x0000000008002ff0      0x348 /usr/lib/gcc/arm-none-eabi/5.2.0/../../../../arm-none-eabi/lib/armv7e-m/fpu/libm.a(lib_a-w_pow.o)
                0x0000000008002ff0                pow
 *fill*         0x0000000008003338        0x8 
 .text.sqrt     0x0000000008003340       0xbc /usr/lib/gcc/arm-none-eabi/5.2.0/../../../../arm-none-eabi/lib/armv7e-m/fpu/libm.a(lib_a-w_sqrt.o)
                0x0000000008003340                sqrt
 *fill*         0x00000000080033fc        0x4 
 .text.__ieee754_pow
                0x0000000008003400      0xb10 /usr/lib/gcc/arm-none-eabi/5.2.0/../../../../arm-none-eabi/lib/armv7e-m/fpu/libm.a(lib_a-e_pow.o)
                0x0000000008003400                __ieee754_pow
 .text.__ieee754_sqrt
                0x0000000008003f10      0x1a0 /usr/lib/gcc/arm-none-eabi/5.2.0/../../../../arm-none-eabi/lib/armv7e-m/fpu/libm.a(lib_a-e_sqrt.o)
                0x0000000008003f10                __ieee754_sqrt
 .text.fabs     0x00000000080040b0       0x10 /usr/lib/gcc/arm-none-eabi/5.2.0/../../../../arm-none-eabi/lib/armv7e-m/fpu/libm.a(lib_a-s_fabs.o)
                0x00000000080040b0                fabs
 .text.finite   0x00000000080040c0       0x10 /usr/lib/gcc/arm-none-eabi/5.2.0/../../../../arm-none-eabi/lib/armv7e-m/fpu/libm.a(lib_a-s_finite.o)
                0x00000000080040c0                finite
 .text.__fpclassifyd
                0x00000000080040d0       0x5c /usr/lib/gcc/arm-none-eabi/5.2.0/../../../../arm-none-eabi/lib/armv7e-m/fpu/libm.a(lib_a-s_fpclassify.o)
                0x00000000080040d0                __fpclassifyd
 *fill*         0x000000000800412c        0x4 
 .text.matherr  0x0000000008004130        0x4 /usr/lib/gcc/arm-none-eabi/5.2.0/../../../../arm-none-eabi/lib/armv7e-m/fpu/libm.a(lib_a-s_matherr.o)
                0x0000000008004130                matherr
 *fill*         0x0000000008004134        0xc 
 .text.nan      0x0000000008004140       0x10 /usr/lib/gcc/arm-none-eabi/5.2.0/../../../../arm-none-eabi/lib/armv7e-m/fpu/libm.a(lib_a-s_nan.o)
                0x0000000008004140                nan
 .text.rint     0x0000000008004150      0x128 /usr/lib/gcc/arm-none-eabi/5.2.0/../../../../arm-none-eabi/lib/armv7e-m/fpu/libm.a(lib_a-s_rint.o)
                0x0000000008004150                rint
 *fill*         0x0000000008004278        0x8 
 .text.scalbn   0x0000000008004280      0x110 /usr/lib/gcc/arm-none-eabi/5.2.0/../../../../arm-none-eabi/lib/armv7e-m/fpu/libm.a(lib_a-s_scalbn.o)
                0x0000000008004280                scalbn
 .text.copysign
                0x0000000008004390       0x1c /usr/lib/gcc/arm-none-eabi/5.2.0/../../../../arm-none-eabi/lib/armv7e-m/fpu/libm.a(lib_a-s_copysign.o)
                0x0000000008004390                copysign
 *fill*         0x00000000080043ac        0x4 
 .text.__errno  0x00000000080043b0        0xc /usr/lib/gcc/arm-none-eabi/5.2.0/../../../../arm-none-eabi/lib/armv7e-m/fpu/libg.a(lib_a-errno.o)
                0x00000000080043b0                __errno
 *(.rodata)
 *(.rodata.*)
 *fill*         0x00000000080043bc        0x4 
 .rodata.str1.4
                0x00000000080043c0        0x5 build/obj/chsys.o
                                          0x8 (size before relaxing)
 *fill*         0x00000000080043c5        0xb 
 .rodata.ch_debug
                0x00000000080043d0       0x18 build/obj/chregistry.o
                0x00000000080043d0                ch_debug
 *fill*         0x00000000080043e8        0x8 
 .rodata.vmt    0x00000000080043f0       0x20 build/obj/serial.o
 .rodata._stm32_dma_streams
                0x0000000008004410       0xc0 build/obj/stm32_dma.o
                0x0000000008004410                _stm32_dma_streams
 .rodata.default_config
                0x00000000080044d0        0xc build/obj/serial_lld.o
 *fill*         0x00000000080044dc        0x4 
 .rodata.pal_default_config
                0x00000000080044e0       0xa8 build/obj/board.o
                0x00000000080044e0                pal_default_config
 *fill*         0x0000000008004588        0x8 
 .rodata.str1.4
                0x0000000008004590        0x7 build/obj/chprintf.o
                                          0x8 (size before relaxing)
 *fill*         0x0000000008004597        0x9 
 .rodata.str1.4
                0x00000000080045a0       0x8e build/obj/main.o
                                         0x90 (size before relaxing)
 *fill*         0x000000000800462e        0x2 
 .rodata.adcgrpcfg1
                0x0000000008004630       0x28 build/obj/main.o
 *fill*         0x0000000008004658        0x8 
 .rodata.str1.4
                0x0000000008004660        0x4 /usr/lib/gcc/arm-none-eabi/5.2.0/../../../../arm-none-eabi/lib/armv7e-m/fpu/libm.a(lib_a-w_pow.o)
 *fill*         0x0000000008004664        0xc 
 .rodata.str1.4
                0x0000000008004670        0x5 /usr/lib/gcc/arm-none-eabi/5.2.0/../../../../arm-none-eabi/lib/armv7e-m/fpu/libm.a(lib_a-w_sqrt.o)
                                          0x8 (size before relaxing)
 .rodata.str1.4
                0x0000000000000000        0x5 /usr/lib/gcc/arm-none-eabi/5.2.0/../../../../arm-none-eabi/lib/armv7e-m/fpu/libm.a(lib_a-e_pow.o)
                                          0x4 (size before relaxing)
 *fill*         0x0000000008004675        0xb 
 .rodata.TWO52  0x0000000008004680       0x10 /usr/lib/gcc/arm-none-eabi/5.2.0/../../../../arm-none-eabi/lib/armv7e-m/fpu/libm.a(lib_a-s_rint.o)
 .rodata.str1.4
                0x0000000008004690        0x4 /usr/lib/gcc/arm-none-eabi/5.2.0/../../../../arm-none-eabi/lib/armv7e-m/fpu/libg.a(lib_a-impure.o)
 *(.glue_7t)
 .glue_7t       0x0000000000000000        0x0 linker stubs
 *(.glue_7)
 .glue_7        0x0000000000000000        0x0 linker stubs
 *(.gcc*)

.vfp11_veneer   0x0000000008004694        0x0
 .vfp11_veneer  0x0000000000000000        0x0 linker stubs

.v4_bx          0x0000000008004694        0x0
 .v4_bx         0x0000000000000000        0x0 linker stubs

.iplt           0x0000000008004694        0x0
 .iplt          0x0000000000000000        0x0 build/obj/crt0_v7m.o

.rel.dyn        0x0000000008004694        0x0
 .rel.iplt      0x0000000000000000        0x0 build/obj/crt0_v7m.o

.ARM.extab
 *(.ARM.extab* .gnu.linkonce.armextab.*)

.ARM.exidx      0x0000000008004694        0x0
                0x0000000008004694                PROVIDE (__exidx_start, .)
 *(.ARM.exidx* .gnu.linkonce.armexidx.*)
                0x0000000008004694                PROVIDE (__exidx_end, .)

.eh_frame_hdr
 *(.eh_frame_hdr)

.eh_frame
 *(.eh_frame)

.textalign      0x0000000008004694        0x4
                0x0000000008004698                . = ALIGN (0x8)
 *fill*         0x0000000008004694        0x4 
                0x0000000008004698                . = ALIGN (0x4)
                0x0000000008004698                _etext = .
                0x0000000008004698                _textdata = _etext

.mstack         0x0000000020000000      0x400
                0x0000000020000000                . = ALIGN (0x8)
                0x0000000020000000                __main_stack_base__ = .
                0x0000000020000400                . = (. + __main_stack_size__)
 *fill*         0x0000000020000000      0x400 
                0x0000000020000400                . = ALIGN (0x8)
                0x0000000020000400                __main_stack_end__ = .

.pstack         0x0000000020000400      0x400
                0x0000000020000400                __process_stack_base__ = .
                0x0000000020000400                __main_thread_stack_base__ = .
                0x0000000020000800                . = (. + __process_stack_size__)
 *fill*         0x0000000020000400      0x400 
                0x0000000020000800                . = ALIGN (0x8)
                0x0000000020000800                __process_stack_end__ = .
                0x0000000020000800                __main_thread_stack_end__ = .

.data           0x0000000020000800      0x434 load address 0x0000000008004698
                0x0000000020000800                . = ALIGN (0x4)
                0x0000000020000800                PROVIDE (_data, .)
 *(.data)
 *(.data.*)
 .data.__fdlib_version
                0x0000000020000800        0x1 /usr/lib/gcc/arm-none-eabi/5.2.0/../../../../arm-none-eabi/lib/armv7e-m/fpu/libm.a(lib_a-s_lib_ver.o)
                0x0000000020000800                __fdlib_version
 *fill*         0x0000000020000801        0x7 
 .data.impure_data
                0x0000000020000808      0x428 /usr/lib/gcc/arm-none-eabi/5.2.0/../../../../arm-none-eabi/lib/armv7e-m/fpu/libg.a(lib_a-impure.o)
 .data._impure_ptr
                0x0000000020000c30        0x4 /usr/lib/gcc/arm-none-eabi/5.2.0/../../../../arm-none-eabi/lib/armv7e-m/fpu/libg.a(lib_a-impure.o)
                0x0000000020000c30                _impure_ptr
 *(.ramtext)
                0x0000000020000c34                . = ALIGN (0x4)
                0x0000000020000c34                PROVIDE (_edata, .)

.igot.plt       0x0000000020000c34        0x0 load address 0x0000000008004acc
 .igot.plt      0x0000000000000000        0x0 build/obj/crt0_v7m.o

.bss            0x0000000020000c38      0xd28 load address 0x0000000008004acc
                0x0000000020000c38                . = ALIGN (0x4)
                0x0000000020000c38                PROVIDE (_bss_start, .)
 *(.bss)
 *(.bss.*)
 .bss.ch        0x0000000020000c38      0x1d8 build/obj/chschd.o
                0x0000000020000c38                ch
 .bss.endmem    0x0000000020000e10        0x4 build/obj/chmemcore.o
 .bss.nextmem   0x0000000020000e14        0x4 build/obj/chmemcore.o
 .bss.default_heap
                0x0000000020000e18       0x20 build/obj/chheap.o
 .bss.dma_isr_redir
                0x0000000020000e38       0x80 build/obj/stm32_dma.o
 .bss.dma_streams_mask
                0x0000000020000eb8        0x4 build/obj/stm32_dma.o
 .bss.ADCD1     0x0000000020000ebc       0x34 build/obj/adc_lld.o
                0x0000000020000ebc                ADCD1
 .bss.SD1       0x0000000020000ef0       0x78 build/obj/serial_lld.o
                0x0000000020000ef0                SD1
 .bss.UARTD2    0x0000000020000f68       0x1c build/obj/uart_lld.o
                0x0000000020000f68                UARTD2
 *fill*         0x0000000020000f84        0x4 
 .bss.waThread1
                0x0000000020000f88      0x1d0 build/obj/main.o
 .bss.samples1  0x0000000020001158        0x8 build/obj/main.o
                0x0000000020001158                samples1
 .bss.data1     0x0000000020001160      0x800 build/obj/main.o
                0x0000000020001160                data1
 *(COMMON)
                0x0000000020001960                . = ALIGN (0x4)
                0x0000000020001960                PROVIDE (_bss_end, .)
                0x0000000020001960                PROVIDE (end, .)

.ram0           0x0000000020001960        0x0 load address 0x0000000008004acc
                0x0000000020001960                . = ALIGN (0x4)
 *(.ram0)
 *(.ram0.*)
                0x0000000020001960                . = ALIGN (0x4)
                0x0000000020001960                __ram0_free__ = .

.ram1           0x0000000000000000        0x0
                0x0000000000000000                . = ALIGN (0x4)
 *(.ram1)
 *(.ram1.*)
                0x0000000000000000                . = ALIGN (0x4)
                0x0000000000000000                __ram1_free__ = .

.ram2           0x0000000000000000        0x0
                0x0000000000000000                . = ALIGN (0x4)
 *(.ram2)
 *(.ram2.*)
                0x0000000000000000                . = ALIGN (0x4)
                0x0000000000000000                __ram2_free__ = .

.ram3           0x0000000000000000        0x0
                0x0000000000000000                . = ALIGN (0x4)
 *(.ram3)
 *(.ram3.*)
                0x0000000000000000                . = ALIGN (0x4)
                0x0000000000000000                __ram3_free__ = .

.ram4           0x0000000000000000        0x0
                0x0000000000000000                . = ALIGN (0x4)
 *(.ram4)
 *(.ram4.*)
                0x0000000000000000                . = ALIGN (0x4)
                0x0000000000000000                __ram4_free__ = .

.ram5           0x0000000000000000        0x0
                0x0000000000000000                . = ALIGN (0x4)
 *(.ram5)
 *(.ram5.*)
                0x0000000000000000                . = ALIGN (0x4)
                0x0000000000000000                __ram5_free__ = .

.ram6           0x0000000000000000        0x0
                0x0000000000000000                . = ALIGN (0x4)
 *(.ram6)
 *(.ram6.*)
                0x0000000000000000                . = ALIGN (0x4)
                0x0000000000000000                __ram6_free__ = .

.ram7           0x0000000000000000        0x0
                0x0000000000000000                . = ALIGN (0x4)
 *(.ram7)
 *(.ram7.*)
                0x0000000000000000                . = ALIGN (0x4)
                0x0000000000000000                __ram7_free__ = .
                0x0000000020001960                __heap_base__ = __ram0_free__
                0x0000000020010000                __heap_end__ = __ram0_end__
                0x0000000000000400                __process_stack_size__ = 0x400
                0x0000000000000400                __main_stack_size__ = 0x400
LOAD /usr/lib/gcc/arm-none-eabi/5.2.0/../../../../arm-none-eabi/lib/armv7e-m/fpu/libm.a
START GROUP
LOAD /usr/lib/gcc/arm-none-eabi/5.2.0/armv7e-m/fpu/libgcc.a
LOAD /usr/lib/gcc/arm-none-eabi/5.2.0/../../../../arm-none-eabi/lib/armv7e-m/fpu/libg.a
LOAD /usr/lib/gcc/arm-none-eabi/5.2.0/../../../../arm-none-eabi/lib/armv7e-m/fpu/libc.a
END GROUP
OUTPUT(build/ch.elf elf32-littlearm)

.ARM.attributes
                0x0000000000000000       0x35
 .ARM.attributes
                0x0000000000000000       0x25 build/obj/crt0_v7m.o
 .ARM.attributes
                0x0000000000000025       0x25 build/obj/chcoreasm_v7m.o
 .ARM.attributes
                0x000000000000004a       0x39 build/obj/crt1.o
 .ARM.attributes
                0x0000000000000083       0x39 build/obj/vectors.o
 .ARM.attributes
                0x00000000000000bc       0x39 build/obj/chsys.o
 .ARM.attributes
                0x00000000000000f5       0x39 build/obj/chvt.o
 .ARM.attributes
                0x000000000000012e       0x39 build/obj/chschd.o
 .ARM.attributes
                0x0000000000000167       0x39 build/obj/chthreads.o
 .ARM.attributes
                0x00000000000001a0       0x39 build/obj/chtm.o
 .ARM.attributes
                0x00000000000001d9       0x39 build/obj/chregistry.o
 .ARM.attributes
                0x0000000000000212       0x39 build/obj/chmtx.o
 .ARM.attributes
                0x000000000000024b       0x39 build/obj/chevents.o
 .ARM.attributes
                0x0000000000000284       0x39 build/obj/chqueues.o
 .ARM.attributes
                0x00000000000002bd       0x39 build/obj/chmemcore.o
 .ARM.attributes
                0x00000000000002f6       0x39 build/obj/chheap.o
 .ARM.attributes
                0x000000000000032f       0x39 build/obj/chcore_v7m.o
 .ARM.attributes
                0x0000000000000368       0x39 build/obj/hal.o
 .ARM.attributes
                0x00000000000003a1       0x39 build/obj/st.o
 .ARM.attributes
                0x00000000000003da       0x39 build/obj/adc.o
 .ARM.attributes
                0x0000000000000413       0x39 build/obj/serial.o
 .ARM.attributes
                0x000000000000044c       0x39 build/obj/uart.o
 .ARM.attributes
                0x0000000000000485       0x39 build/obj/nvic.o
 .ARM.attributes
                0x00000000000004be       0x39 build/obj/stm32_dma.o
 .ARM.attributes
                0x00000000000004f7       0x39 build/obj/hal_lld.o
 .ARM.attributes
                0x0000000000000530       0x39 build/obj/st_lld.o
 .ARM.attributes
                0x0000000000000569       0x39 build/obj/adc_lld.o
 .ARM.attributes
                0x00000000000005a2       0x39 build/obj/pal_lld.o
 .ARM.attributes
                0x00000000000005db       0x39 build/obj/serial_lld.o
 .ARM.attributes
                0x0000000000000614       0x39 build/obj/uart_lld.o
 .ARM.attributes
                0x000000000000064d       0x39 build/obj/board.o
 .ARM.attributes
                0x0000000000000686       0x39 build/obj/chprintf.o
 .ARM.attributes
                0x00000000000006bf       0x39 build/obj/main.o
 .ARM.attributes
                0x00000000000006f8       0x34 /usr/lib/gcc/arm-none-eabi/5.2.0/../../../../arm-none-eabi/lib/armv7e-m/fpu/libm.a(lib_a-w_pow.o)
 .ARM.attributes
                0x000000000000072c       0x34 /usr/lib/gcc/arm-none-eabi/5.2.0/../../../../arm-none-eabi/lib/armv7e-m/fpu/libm.a(lib_a-w_sqrt.o)
 .ARM.attributes
                0x0000000000000760       0x34 /usr/lib/gcc/arm-none-eabi/5.2.0/../../../../arm-none-eabi/lib/armv7e-m/fpu/libm.a(lib_a-e_pow.o)
 .ARM.attributes
                0x0000000000000794       0x34 /usr/lib/gcc/arm-none-eabi/5.2.0/../../../../arm-none-eabi/lib/armv7e-m/fpu/libm.a(lib_a-e_sqrt.o)
 .ARM.attributes
                0x00000000000007c8       0x34 /usr/lib/gcc/arm-none-eabi/5.2.0/../../../../arm-none-eabi/lib/armv7e-m/fpu/libm.a(lib_a-s_fabs.o)
 .ARM.attributes
                0x00000000000007fc       0x34 /usr/lib/gcc/arm-none-eabi/5.2.0/../../../../arm-none-eabi/lib/armv7e-m/fpu/libm.a(lib_a-s_finite.o)
 .ARM.attributes
                0x0000000000000830       0x34 /usr/lib/gcc/arm-none-eabi/5.2.0/../../../../arm-none-eabi/lib/armv7e-m/fpu/libm.a(lib_a-s_fpclassify.o)
 .ARM.attributes
                0x0000000000000864       0x34 /usr/lib/gcc/arm-none-eabi/5.2.0/../../../../arm-none-eabi/lib/armv7e-m/fpu/libm.a(lib_a-s_lib_ver.o)
 .ARM.attributes
                0x0000000000000898       0x34 /usr/lib/gcc/arm-none-eabi/5.2.0/../../../../arm-none-eabi/lib/armv7e-m/fpu/libm.a(lib_a-s_matherr.o)
 .ARM.attributes
                0x00000000000008cc       0x34 /usr/lib/gcc/arm-none-eabi/5.2.0/../../../../arm-none-eabi/lib/armv7e-m/fpu/libm.a(lib_a-s_nan.o)
 .ARM.attributes
                0x0000000000000900       0x34 /usr/lib/gcc/arm-none-eabi/5.2.0/../../../../arm-none-eabi/lib/armv7e-m/fpu/libm.a(lib_a-s_rint.o)
 .ARM.attributes
                0x0000000000000934       0x34 /usr/lib/gcc/arm-none-eabi/5.2.0/../../../../arm-none-eabi/lib/armv7e-m/fpu/libm.a(lib_a-s_scalbn.o)
 .ARM.attributes
                0x0000000000000968       0x34 /usr/lib/gcc/arm-none-eabi/5.2.0/../../../../arm-none-eabi/lib/armv7e-m/fpu/libm.a(lib_a-s_copysign.o)
 .ARM.attributes
                0x000000000000099c       0x22 /usr/lib/gcc/arm-none-eabi/5.2.0/armv7e-m/fpu/libgcc.a(_arm_addsubdf3.o)
 .ARM.attributes
                0x00000000000009be       0x22 /usr/lib/gcc/arm-none-eabi/5.2.0/armv7e-m/fpu/libgcc.a(_arm_muldivdf3.o)
 .ARM.attributes
                0x00000000000009e0       0x22 /usr/lib/gcc/arm-none-eabi/5.2.0/armv7e-m/fpu/libgcc.a(_arm_cmpdf2.o)
 .ARM.attributes
                0x0000000000000a02       0x22 /usr/lib/gcc/arm-none-eabi/5.2.0/armv7e-m/fpu/libgcc.a(_arm_truncdfsf2.o)
 .ARM.attributes
                0x0000000000000a24       0x34 /usr/lib/gcc/arm-none-eabi/5.2.0/../../../../arm-none-eabi/lib/armv7e-m/fpu/libg.a(lib_a-errno.o)
 .ARM.attributes
                0x0000000000000a58       0x34 /usr/lib/gcc/arm-none-eabi/5.2.0/../../../../arm-none-eabi/lib/armv7e-m/fpu/libg.a(lib_a-impure.o)

.comment        0x0000000000000000       0x42
 .comment       0x0000000000000000       0x21 build/obj/crt1.o
                                         0x22 (size before relaxing)
 .comment       0x0000000000000000       0x22 build/obj/vectors.o
 .comment       0x0000000000000000       0x22 build/obj/chsys.o
 .comment       0x0000000000000000       0x22 build/obj/chvt.o
 .comment       0x0000000000000000       0x22 build/obj/chschd.o
 .comment       0x0000000000000000       0x22 build/obj/chthreads.o
 .comment       0x0000000000000000       0x22 build/obj/chtm.o
 .comment       0x0000000000000000       0x22 build/obj/chregistry.o
 .comment       0x0000000000000000       0x22 build/obj/chmtx.o
 .comment       0x0000000000000000       0x22 build/obj/chevents.o
 .comment       0x0000000000000000       0x22 build/obj/chqueues.o
 .comment       0x0000000000000000       0x22 build/obj/chmemcore.o
 .comment       0x0000000000000000       0x22 build/obj/chheap.o
 .comment       0x0000000000000000       0x22 build/obj/chcore_v7m.o
 .comment       0x0000000000000000       0x22 build/obj/hal.o
 .comment       0x0000000000000000       0x22 build/obj/st.o
 .comment       0x0000000000000000       0x22 build/obj/adc.o
 .comment       0x0000000000000000       0x22 build/obj/serial.o
 .comment       0x0000000000000000       0x22 build/obj/uart.o
 .comment       0x0000000000000000       0x22 build/obj/nvic.o
 .comment       0x0000000000000000       0x22 build/obj/stm32_dma.o
 .comment       0x0000000000000000       0x22 build/obj/hal_lld.o
 .comment       0x0000000000000000       0x22 build/obj/st_lld.o
 .comment       0x0000000000000000       0x22 build/obj/adc_lld.o
 .comment       0x0000000000000000       0x22 build/obj/pal_lld.o
 .comment       0x0000000000000000       0x22 build/obj/serial_lld.o
 .comment       0x0000000000000000       0x22 build/obj/uart_lld.o
 .comment       0x0000000000000000       0x22 build/obj/board.o
 .comment       0x0000000000000000       0x22 build/obj/chprintf.o
 .comment       0x0000000000000000       0x22 build/obj/main.o
 .comment       0x0000000000000021       0x21 /usr/lib/gcc/arm-none-eabi/5.2.0/../../../../arm-none-eabi/lib/armv7e-m/fpu/libm.a(lib_a-w_pow.o)
                                         0x22 (size before relaxing)
 .comment       0x0000000000000000       0x22 /usr/lib/gcc/arm-none-eabi/5.2.0/../../../../arm-none-eabi/lib/armv7e-m/fpu/libm.a(lib_a-w_sqrt.o)
 .comment       0x0000000000000000       0x22 /usr/lib/gcc/arm-none-eabi/5.2.0/../../../../arm-none-eabi/lib/armv7e-m/fpu/libm.a(lib_a-e_pow.o)
 .comment       0x0000000000000000       0x22 /usr/lib/gcc/arm-none-eabi/5.2.0/../../../../arm-none-eabi/lib/armv7e-m/fpu/libm.a(lib_a-e_sqrt.o)
 .comment       0x0000000000000000       0x22 /usr/lib/gcc/arm-none-eabi/5.2.0/../../../../arm-none-eabi/lib/armv7e-m/fpu/libm.a(lib_a-s_fabs.o)
 .comment       0x0000000000000000       0x22 /usr/lib/gcc/arm-none-eabi/5.2.0/../../../../arm-none-eabi/lib/armv7e-m/fpu/libm.a(lib_a-s_finite.o)
 .comment       0x0000000000000000       0x22 /usr/lib/gcc/arm-none-eabi/5.2.0/../../../../arm-none-eabi/lib/armv7e-m/fpu/libm.a(lib_a-s_fpclassify.o)
 .comment       0x0000000000000000       0x22 /usr/lib/gcc/arm-none-eabi/5.2.0/../../../../arm-none-eabi/lib/armv7e-m/fpu/libm.a(lib_a-s_lib_ver.o)
 .comment       0x0000000000000000       0x22 /usr/lib/gcc/arm-none-eabi/5.2.0/../../../../arm-none-eabi/lib/armv7e-m/fpu/libm.a(lib_a-s_matherr.o)
 .comment       0x0000000000000000       0x22 /usr/lib/gcc/arm-none-eabi/5.2.0/../../../../arm-none-eabi/lib/armv7e-m/fpu/libm.a(lib_a-s_nan.o)
 .comment       0x0000000000000000       0x22 /usr/lib/gcc/arm-none-eabi/5.2.0/../../../../arm-none-eabi/lib/armv7e-m/fpu/libm.a(lib_a-s_rint.o)
 .comment       0x0000000000000000       0x22 /usr/lib/gcc/arm-none-eabi/5.2.0/../../../../arm-none-eabi/lib/armv7e-m/fpu/libm.a(lib_a-s_scalbn.o)
 .comment       0x0000000000000000       0x22 /usr/lib/gcc/arm-none-eabi/5.2.0/../../../../arm-none-eabi/lib/armv7e-m/fpu/libm.a(lib_a-s_copysign.o)
 .comment       0x0000000000000000       0x22 /usr/lib/gcc/arm-none-eabi/5.2.0/../../../../arm-none-eabi/lib/armv7e-m/fpu/libg.a(lib_a-errno.o)
 .comment       0x0000000000000000       0x22 /usr/lib/gcc/arm-none-eabi/5.2.0/../../../../arm-none-eabi/lib/armv7e-m/fpu/libg.a(lib_a-impure.o)

.debug_info     0x0000000000000000    0x1ed1f
 .debug_info    0x0000000000000000       0x4e build/obj/crt1.o
 .debug_info    0x000000000000004e      0x1e7 build/obj/vectors.o
 .debug_info    0x0000000000000235     0x1936 build/obj/chsys.o
 .debug_info    0x0000000000001b6b      0xac0 build/obj/chvt.o
 .debug_info    0x000000000000262b      0xe2f build/obj/chschd.o
 .debug_info    0x000000000000345a     0x1c97 build/obj/chthreads.o
 .debug_info    0x00000000000050f1      0xa87 build/obj/chtm.o
 .debug_info    0x0000000000005b78      0xa39 build/obj/chregistry.o
 .debug_info    0x00000000000065b1     0x10ae build/obj/chmtx.o
 .debug_info    0x000000000000765f     0x1669 build/obj/chevents.o
 .debug_info    0x0000000000008cc8     0x117f build/obj/chqueues.o
 .debug_info    0x0000000000009e47      0x926 build/obj/chmemcore.o
 .debug_info    0x000000000000a76d      0xa7c build/obj/chheap.o
 .debug_info    0x000000000000b1e9      0xc9f build/obj/chcore_v7m.o
 .debug_info    0x000000000000be88      0x88b build/obj/hal.o
 .debug_info    0x000000000000c713      0x9c8 build/obj/st.o
 .debug_info    0x000000000000d0db     0x15a7 build/obj/adc.o
 .debug_info    0x000000000000e682     0x14e8 build/obj/serial.o
 .debug_info    0x000000000000fb6a     0x13bc build/obj/uart.o
 .debug_info    0x0000000000010f26      0xa9c build/obj/nvic.o
 .debug_info    0x00000000000119c2     0x1001 build/obj/stm32_dma.o
 .debug_info    0x00000000000129c3      0x9c4 build/obj/hal_lld.o
 .debug_info    0x0000000000013387      0xbe5 build/obj/st_lld.o
 .debug_info    0x0000000000013f6c     0x15cd build/obj/adc_lld.o
 .debug_info    0x0000000000015539      0xca1 build/obj/pal_lld.o
 .debug_info    0x00000000000161da     0x1503 build/obj/serial_lld.o
 .debug_info    0x00000000000176dd     0x127d build/obj/uart_lld.o
 .debug_info    0x000000000001895a      0x828 build/obj/board.o
 .debug_info    0x0000000000019182      0xc64 build/obj/chprintf.o
 .debug_info    0x0000000000019de6     0x20e8 build/obj/main.o
 .debug_info    0x000000000001bece      0x393 /usr/lib/gcc/arm-none-eabi/5.2.0/../../../../arm-none-eabi/lib/armv7e-m/fpu/libm.a(lib_a-w_pow.o)
 .debug_info    0x000000000001c261      0x1f5 /usr/lib/gcc/arm-none-eabi/5.2.0/../../../../arm-none-eabi/lib/armv7e-m/fpu/libm.a(lib_a-w_sqrt.o)
 .debug_info    0x000000000001c456      0x728 /usr/lib/gcc/arm-none-eabi/5.2.0/../../../../arm-none-eabi/lib/armv7e-m/fpu/libm.a(lib_a-e_pow.o)
 .debug_info    0x000000000001cb7e      0x218 /usr/lib/gcc/arm-none-eabi/5.2.0/../../../../arm-none-eabi/lib/armv7e-m/fpu/libm.a(lib_a-e_sqrt.o)
 .debug_info    0x000000000001cd96      0x13a /usr/lib/gcc/arm-none-eabi/5.2.0/../../../../arm-none-eabi/lib/armv7e-m/fpu/libm.a(lib_a-s_fabs.o)
 .debug_info    0x000000000001ced0       0xd8 /usr/lib/gcc/arm-none-eabi/5.2.0/../../../../arm-none-eabi/lib/armv7e-m/fpu/libm.a(lib_a-s_finite.o)
 .debug_info    0x000000000001cfa8       0xde /usr/lib/gcc/arm-none-eabi/5.2.0/../../../../arm-none-eabi/lib/armv7e-m/fpu/libm.a(lib_a-s_fpclassify.o)
 .debug_info    0x000000000001d086       0xc2 /usr/lib/gcc/arm-none-eabi/5.2.0/../../../../arm-none-eabi/lib/armv7e-m/fpu/libm.a(lib_a-s_lib_ver.o)
 .debug_info    0x000000000001d148      0x129 /usr/lib/gcc/arm-none-eabi/5.2.0/../../../../arm-none-eabi/lib/armv7e-m/fpu/libm.a(lib_a-s_matherr.o)
 .debug_info    0x000000000001d271       0xd0 /usr/lib/gcc/arm-none-eabi/5.2.0/../../../../arm-none-eabi/lib/armv7e-m/fpu/libm.a(lib_a-s_nan.o)
 .debug_info    0x000000000001d341      0x204 /usr/lib/gcc/arm-none-eabi/5.2.0/../../../../arm-none-eabi/lib/armv7e-m/fpu/libm.a(lib_a-s_rint.o)
 .debug_info    0x000000000001d545      0x24d /usr/lib/gcc/arm-none-eabi/5.2.0/../../../../arm-none-eabi/lib/armv7e-m/fpu/libm.a(lib_a-s_scalbn.o)
 .debug_info    0x000000000001d792      0x156 /usr/lib/gcc/arm-none-eabi/5.2.0/../../../../arm-none-eabi/lib/armv7e-m/fpu/libm.a(lib_a-s_copysign.o)
 .debug_info    0x000000000001d8e8       0xc3 /usr/lib/gcc/arm-none-eabi/5.2.0/armv7e-m/fpu/libgcc.a(_arm_addsubdf3.o)
 .debug_info    0x000000000001d9ab       0xc3 /usr/lib/gcc/arm-none-eabi/5.2.0/armv7e-m/fpu/libgcc.a(_arm_muldivdf3.o)
 .debug_info    0x000000000001da6e       0xc3 /usr/lib/gcc/arm-none-eabi/5.2.0/armv7e-m/fpu/libgcc.a(_arm_cmpdf2.o)
 .debug_info    0x000000000001db31       0xc3 /usr/lib/gcc/arm-none-eabi/5.2.0/armv7e-m/fpu/libgcc.a(_arm_truncdfsf2.o)
 .debug_info    0x000000000001dbf4      0x890 /usr/lib/gcc/arm-none-eabi/5.2.0/../../../../arm-none-eabi/lib/armv7e-m/fpu/libg.a(lib_a-errno.o)
 .debug_info    0x000000000001e484      0x89b /usr/lib/gcc/arm-none-eabi/5.2.0/../../../../arm-none-eabi/lib/armv7e-m/fpu/libg.a(lib_a-impure.o)

.debug_abbrev   0x0000000000000000     0x62f0
 .debug_abbrev  0x0000000000000000       0x50 build/obj/crt1.o
 .debug_abbrev  0x0000000000000050       0xca build/obj/vectors.o
 .debug_abbrev  0x000000000000011a      0x55a build/obj/chsys.o
 .debug_abbrev  0x0000000000000674      0x290 build/obj/chvt.o
 .debug_abbrev  0x0000000000000904      0x3be build/obj/chschd.o
 .debug_abbrev  0x0000000000000cc2      0x48c build/obj/chthreads.o
 .debug_abbrev  0x000000000000114e      0x27e build/obj/chtm.o
 .debug_abbrev  0x00000000000013cc      0x238 build/obj/chregistry.o
 .debug_abbrev  0x0000000000001604      0x3a4 build/obj/chmtx.o
 .debug_abbrev  0x00000000000019a8      0x37d build/obj/chevents.o
 .debug_abbrev  0x0000000000001d25      0x3cb build/obj/chqueues.o
 .debug_abbrev  0x00000000000020f0      0x282 build/obj/chmemcore.o
 .debug_abbrev  0x0000000000002372      0x27f build/obj/chheap.o
 .debug_abbrev  0x00000000000025f1      0x22f build/obj/chcore_v7m.o
 .debug_abbrev  0x0000000000002820      0x18d build/obj/hal.o
 .debug_abbrev  0x00000000000029ad      0x217 build/obj/st.o
 .debug_abbrev  0x0000000000002bc4      0x35c build/obj/adc.o
 .debug_abbrev  0x0000000000002f20      0x35e build/obj/serial.o
 .debug_abbrev  0x000000000000327e      0x359 build/obj/uart.o
 .debug_abbrev  0x00000000000035d7      0x1ba build/obj/nvic.o
 .debug_abbrev  0x0000000000003791      0x270 build/obj/stm32_dma.o
 .debug_abbrev  0x0000000000003a01      0x1c3 build/obj/hal_lld.o
 .debug_abbrev  0x0000000000003bc4      0x208 build/obj/st_lld.o
 .debug_abbrev  0x0000000000003dcc      0x39a build/obj/adc_lld.o
 .debug_abbrev  0x0000000000004166      0x20c build/obj/pal_lld.o
 .debug_abbrev  0x0000000000004372      0x368 build/obj/serial_lld.o
 .debug_abbrev  0x00000000000046da      0x3e0 build/obj/uart_lld.o
 .debug_abbrev  0x0000000000004aba      0x18b build/obj/board.o
 .debug_abbrev  0x0000000000004c45      0x319 build/obj/chprintf.o
 .debug_abbrev  0x0000000000004f5e      0x4ea build/obj/main.o
 .debug_abbrev  0x0000000000005448      0x12e /usr/lib/gcc/arm-none-eabi/5.2.0/../../../../arm-none-eabi/lib/armv7e-m/fpu/libm.a(lib_a-w_pow.o)
 .debug_abbrev  0x0000000000005576      0x123 /usr/lib/gcc/arm-none-eabi/5.2.0/../../../../arm-none-eabi/lib/armv7e-m/fpu/libm.a(lib_a-w_sqrt.o)
 .debug_abbrev  0x0000000000005699      0x1c0 /usr/lib/gcc/arm-none-eabi/5.2.0/../../../../arm-none-eabi/lib/armv7e-m/fpu/libm.a(lib_a-e_pow.o)
 .debug_abbrev  0x0000000000005859      0x100 /usr/lib/gcc/arm-none-eabi/5.2.0/../../../../arm-none-eabi/lib/armv7e-m/fpu/libm.a(lib_a-e_sqrt.o)
 .debug_abbrev  0x0000000000005959       0xca /usr/lib/gcc/arm-none-eabi/5.2.0/../../../../arm-none-eabi/lib/armv7e-m/fpu/libm.a(lib_a-s_fabs.o)
 .debug_abbrev  0x0000000000005a23       0x6d /usr/lib/gcc/arm-none-eabi/5.2.0/../../../../arm-none-eabi/lib/armv7e-m/fpu/libm.a(lib_a-s_finite.o)
 .debug_abbrev  0x0000000000005a90       0x6f /usr/lib/gcc/arm-none-eabi/5.2.0/../../../../arm-none-eabi/lib/armv7e-m/fpu/libm.a(lib_a-s_fpclassify.o)
 .debug_abbrev  0x0000000000005aff       0x5a /usr/lib/gcc/arm-none-eabi/5.2.0/../../../../arm-none-eabi/lib/armv7e-m/fpu/libm.a(lib_a-s_lib_ver.o)
 .debug_abbrev  0x0000000000005b59       0x9a /usr/lib/gcc/arm-none-eabi/5.2.0/../../../../arm-none-eabi/lib/armv7e-m/fpu/libm.a(lib_a-s_matherr.o)
 .debug_abbrev  0x0000000000005bf3       0x72 /usr/lib/gcc/arm-none-eabi/5.2.0/../../../../arm-none-eabi/lib/armv7e-m/fpu/libm.a(lib_a-s_nan.o)
 .debug_abbrev  0x0000000000005c65      0x120 /usr/lib/gcc/arm-none-eabi/5.2.0/../../../../arm-none-eabi/lib/armv7e-m/fpu/libm.a(lib_a-s_rint.o)
 .debug_abbrev  0x0000000000005d85      0x126 /usr/lib/gcc/arm-none-eabi/5.2.0/../../../../arm-none-eabi/lib/armv7e-m/fpu/libm.a(lib_a-s_scalbn.o)
 .debug_abbrev  0x0000000000005eab       0xe6 /usr/lib/gcc/arm-none-eabi/5.2.0/../../../../arm-none-eabi/lib/armv7e-m/fpu/libm.a(lib_a-s_copysign.o)
 .debug_abbrev  0x0000000000005f91       0x14 /usr/lib/gcc/arm-none-eabi/5.2.0/armv7e-m/fpu/libgcc.a(_arm_addsubdf3.o)
 .debug_abbrev  0x0000000000005fa5       0x14 /usr/lib/gcc/arm-none-eabi/5.2.0/armv7e-m/fpu/libgcc.a(_arm_muldivdf3.o)
 .debug_abbrev  0x0000000000005fb9       0x14 /usr/lib/gcc/arm-none-eabi/5.2.0/armv7e-m/fpu/libgcc.a(_arm_cmpdf2.o)
 .debug_abbrev  0x0000000000005fcd       0x14 /usr/lib/gcc/arm-none-eabi/5.2.0/armv7e-m/fpu/libgcc.a(_arm_truncdfsf2.o)
 .debug_abbrev  0x0000000000005fe1      0x18f /usr/lib/gcc/arm-none-eabi/5.2.0/../../../../arm-none-eabi/lib/armv7e-m/fpu/libg.a(lib_a-errno.o)
 .debug_abbrev  0x0000000000006170      0x180 /usr/lib/gcc/arm-none-eabi/5.2.0/../../../../arm-none-eabi/lib/armv7e-m/fpu/libg.a(lib_a-impure.o)

.debug_aranges  0x0000000000000000      0xc18
 .debug_aranges
                0x0000000000000000       0x28 build/obj/crt1.o
 .debug_aranges
                0x0000000000000028       0x20 build/obj/vectors.o
 .debug_aranges
                0x0000000000000048       0x60 build/obj/chsys.o
 .debug_aranges
                0x00000000000000a8       0x30 build/obj/chvt.o
 .debug_aranges
                0x00000000000000d8       0x70 build/obj/chschd.o
 .debug_aranges
                0x0000000000000148       0xc0 build/obj/chthreads.o
 .debug_aranges
                0x0000000000000208       0x40 build/obj/chtm.o
 .debug_aranges
                0x0000000000000248       0x28 build/obj/chregistry.o
 .debug_aranges
                0x0000000000000270       0x58 build/obj/chmtx.o
 .debug_aranges
                0x00000000000002c8       0xa0 build/obj/chevents.o
 .debug_aranges
                0x0000000000000368       0x68 build/obj/chqueues.o
 .debug_aranges
                0x00000000000003d0       0x38 build/obj/chmemcore.o
 .debug_aranges
                0x0000000000000408       0x40 build/obj/chheap.o
 .debug_aranges
                0x0000000000000448       0x28 build/obj/chcore_v7m.o
 .debug_aranges
                0x0000000000000470       0x20 build/obj/hal.o
 .debug_aranges
                0x0000000000000490       0x40 build/obj/st.o
 .debug_aranges
                0x00000000000004d0       0x70 build/obj/adc.o
 .debug_aranges
                0x0000000000000540       0x88 build/obj/serial.o
 .debug_aranges
                0x00000000000005c8       0x78 build/obj/uart.o
 .debug_aranges
                0x0000000000000640       0x38 build/obj/nvic.o
 .debug_aranges
                0x0000000000000678       0xb0 build/obj/stm32_dma.o
 .debug_aranges
                0x0000000000000728       0x28 build/obj/hal_lld.o
 .debug_aranges
                0x0000000000000750       0x28 build/obj/st_lld.o
 .debug_aranges
                0x0000000000000778       0x70 build/obj/adc_lld.o
 .debug_aranges
                0x00000000000007e8       0x28 build/obj/pal_lld.o
 .debug_aranges
                0x0000000000000810       0x40 build/obj/serial_lld.o
 .debug_aranges
                0x0000000000000850       0x70 build/obj/uart_lld.o
 .debug_aranges
                0x00000000000008c0       0x28 build/obj/board.o
 .debug_aranges
                0x00000000000008e8       0x30 build/obj/chprintf.o
 .debug_aranges
                0x0000000000000918       0xb0 build/obj/main.o
 .debug_aranges
                0x00000000000009c8       0x20 /usr/lib/gcc/arm-none-eabi/5.2.0/../../../../arm-none-eabi/lib/armv7e-m/fpu/libm.a(lib_a-w_pow.o)
 .debug_aranges
                0x00000000000009e8       0x20 /usr/lib/gcc/arm-none-eabi/5.2.0/../../../../arm-none-eabi/lib/armv7e-m/fpu/libm.a(lib_a-w_sqrt.o)
 .debug_aranges
                0x0000000000000a08       0x20 /usr/lib/gcc/arm-none-eabi/5.2.0/../../../../arm-none-eabi/lib/armv7e-m/fpu/libm.a(lib_a-e_pow.o)
 .debug_aranges
                0x0000000000000a28       0x20 /usr/lib/gcc/arm-none-eabi/5.2.0/../../../../arm-none-eabi/lib/armv7e-m/fpu/libm.a(lib_a-e_sqrt.o)
 .debug_aranges
                0x0000000000000a48       0x20 /usr/lib/gcc/arm-none-eabi/5.2.0/../../../../arm-none-eabi/lib/armv7e-m/fpu/libm.a(lib_a-s_fabs.o)
 .debug_aranges
                0x0000000000000a68       0x20 /usr/lib/gcc/arm-none-eabi/5.2.0/../../../../arm-none-eabi/lib/armv7e-m/fpu/libm.a(lib_a-s_finite.o)
 .debug_aranges
                0x0000000000000a88       0x20 /usr/lib/gcc/arm-none-eabi/5.2.0/../../../../arm-none-eabi/lib/armv7e-m/fpu/libm.a(lib_a-s_fpclassify.o)
 .debug_aranges
                0x0000000000000aa8       0x18 /usr/lib/gcc/arm-none-eabi/5.2.0/../../../../arm-none-eabi/lib/armv7e-m/fpu/libm.a(lib_a-s_lib_ver.o)
 .debug_aranges
                0x0000000000000ac0       0x20 /usr/lib/gcc/arm-none-eabi/5.2.0/../../../../arm-none-eabi/lib/armv7e-m/fpu/libm.a(lib_a-s_matherr.o)
 .debug_aranges
                0x0000000000000ae0       0x20 /usr/lib/gcc/arm-none-eabi/5.2.0/../../../../arm-none-eabi/lib/armv7e-m/fpu/libm.a(lib_a-s_nan.o)
 .debug_aranges
                0x0000000000000b00       0x20 /usr/lib/gcc/arm-none-eabi/5.2.0/../../../../arm-none-eabi/lib/armv7e-m/fpu/libm.a(lib_a-s_rint.o)
 .debug_aranges
                0x0000000000000b20       0x20 /usr/lib/gcc/arm-none-eabi/5.2.0/../../../../arm-none-eabi/lib/armv7e-m/fpu/libm.a(lib_a-s_scalbn.o)
 .debug_aranges
                0x0000000000000b40       0x20 /usr/lib/gcc/arm-none-eabi/5.2.0/../../../../arm-none-eabi/lib/armv7e-m/fpu/libm.a(lib_a-s_copysign.o)
 .debug_aranges
                0x0000000000000b60       0x20 /usr/lib/gcc/arm-none-eabi/5.2.0/armv7e-m/fpu/libgcc.a(_arm_addsubdf3.o)
 .debug_aranges
                0x0000000000000b80       0x20 /usr/lib/gcc/arm-none-eabi/5.2.0/armv7e-m/fpu/libgcc.a(_arm_muldivdf3.o)
 .debug_aranges
                0x0000000000000ba0       0x20 /usr/lib/gcc/arm-none-eabi/5.2.0/armv7e-m/fpu/libgcc.a(_arm_cmpdf2.o)
 .debug_aranges
                0x0000000000000bc0       0x20 /usr/lib/gcc/arm-none-eabi/5.2.0/armv7e-m/fpu/libgcc.a(_arm_truncdfsf2.o)
 .debug_aranges
                0x0000000000000be0       0x20 /usr/lib/gcc/arm-none-eabi/5.2.0/../../../../arm-none-eabi/lib/armv7e-m/fpu/libg.a(lib_a-errno.o)
 .debug_aranges
                0x0000000000000c00       0x18 /usr/lib/gcc/arm-none-eabi/5.2.0/../../../../arm-none-eabi/lib/armv7e-m/fpu/libg.a(lib_a-impure.o)

.debug_ranges   0x0000000000000000     0x15e8
 .debug_ranges  0x0000000000000000       0x18 build/obj/crt1.o
 .debug_ranges  0x0000000000000018       0x10 build/obj/vectors.o
 .debug_ranges  0x0000000000000028      0x190 build/obj/chsys.o
 .debug_ranges  0x00000000000001b8       0xb0 build/obj/chvt.o
 .debug_ranges  0x0000000000000268      0x1a8 build/obj/chschd.o
 .debug_ranges  0x0000000000000410      0x208 build/obj/chthreads.o
 .debug_ranges  0x0000000000000618       0xc0 build/obj/chtm.o
 .debug_ranges  0x00000000000006d8       0x18 build/obj/chregistry.o
 .debug_ranges  0x00000000000006f0      0x178 build/obj/chmtx.o
 .debug_ranges  0x0000000000000868       0xd8 build/obj/chevents.o
 .debug_ranges  0x0000000000000940      0x120 build/obj/chqueues.o
 .debug_ranges  0x0000000000000a60       0x28 build/obj/chmemcore.o
 .debug_ranges  0x0000000000000a88       0x30 build/obj/chheap.o
 .debug_ranges  0x0000000000000ab8       0x18 build/obj/chcore_v7m.o
 .debug_ranges  0x0000000000000ad0       0x10 build/obj/hal.o
 .debug_ranges  0x0000000000000ae0       0x30 build/obj/st.o
 .debug_ranges  0x0000000000000b10       0xc0 build/obj/adc.o
 .debug_ranges  0x0000000000000bd0       0xc0 build/obj/serial.o
 .debug_ranges  0x0000000000000c90       0xf8 build/obj/uart.o
 .debug_ranges  0x0000000000000d88       0x28 build/obj/nvic.o
 .debug_ranges  0x0000000000000db0       0xa0 build/obj/stm32_dma.o
 .debug_ranges  0x0000000000000e50       0x38 build/obj/hal_lld.o
 .debug_ranges  0x0000000000000e88       0x18 build/obj/st_lld.o
 .debug_ranges  0x0000000000000ea0       0xc8 build/obj/adc_lld.o
 .debug_ranges  0x0000000000000f68       0xc0 build/obj/pal_lld.o
 .debug_ranges  0x0000000000001028       0xd8 build/obj/serial_lld.o
 .debug_ranges  0x0000000000001100      0x108 build/obj/uart_lld.o
 .debug_ranges  0x0000000000001208       0x18 build/obj/board.o
 .debug_ranges  0x0000000000001220       0x20 build/obj/chprintf.o
 .debug_ranges  0x0000000000001240      0x170 build/obj/main.o
 .debug_ranges  0x00000000000013b0       0x10 /usr/lib/gcc/arm-none-eabi/5.2.0/../../../../arm-none-eabi/lib/armv7e-m/fpu/libm.a(lib_a-w_pow.o)
 .debug_ranges  0x00000000000013c0       0x10 /usr/lib/gcc/arm-none-eabi/5.2.0/../../../../arm-none-eabi/lib/armv7e-m/fpu/libm.a(lib_a-w_sqrt.o)
 .debug_ranges  0x00000000000013d0      0x120 /usr/lib/gcc/arm-none-eabi/5.2.0/../../../../arm-none-eabi/lib/armv7e-m/fpu/libm.a(lib_a-e_pow.o)
 .debug_ranges  0x00000000000014f0       0x10 /usr/lib/gcc/arm-none-eabi/5.2.0/../../../../arm-none-eabi/lib/armv7e-m/fpu/libm.a(lib_a-e_sqrt.o)
 .debug_ranges  0x0000000000001500       0x10 /usr/lib/gcc/arm-none-eabi/5.2.0/../../../../arm-none-eabi/lib/armv7e-m/fpu/libm.a(lib_a-s_fabs.o)
 .debug_ranges  0x0000000000001510       0x10 /usr/lib/gcc/arm-none-eabi/5.2.0/../../../../arm-none-eabi/lib/armv7e-m/fpu/libm.a(lib_a-s_finite.o)
 .debug_ranges  0x0000000000001520       0x10 /usr/lib/gcc/arm-none-eabi/5.2.0/../../../../arm-none-eabi/lib/armv7e-m/fpu/libm.a(lib_a-s_fpclassify.o)
 .debug_ranges  0x0000000000001530       0x10 /usr/lib/gcc/arm-none-eabi/5.2.0/../../../../arm-none-eabi/lib/armv7e-m/fpu/libm.a(lib_a-s_matherr.o)
 .debug_ranges  0x0000000000001540       0x10 /usr/lib/gcc/arm-none-eabi/5.2.0/../../../../arm-none-eabi/lib/armv7e-m/fpu/libm.a(lib_a-s_nan.o)
 .debug_ranges  0x0000000000001550       0x68 /usr/lib/gcc/arm-none-eabi/5.2.0/../../../../arm-none-eabi/lib/armv7e-m/fpu/libm.a(lib_a-s_rint.o)
 .debug_ranges  0x00000000000015b8       0x10 /usr/lib/gcc/arm-none-eabi/5.2.0/../../../../arm-none-eabi/lib/armv7e-m/fpu/libm.a(lib_a-s_scalbn.o)
 .debug_ranges  0x00000000000015c8       0x10 /usr/lib/gcc/arm-none-eabi/5.2.0/../../../../arm-none-eabi/lib/armv7e-m/fpu/libm.a(lib_a-s_copysign.o)
 .debug_ranges  0x00000000000015d8       0x10 /usr/lib/gcc/arm-none-eabi/5.2.0/../../../../arm-none-eabi/lib/armv7e-m/fpu/libg.a(lib_a-errno.o)

.debug_line     0x0000000000000000     0x7c55
 .debug_line    0x0000000000000000       0x71 build/obj/crt1.o
 .debug_line    0x0000000000000071       0xec build/obj/vectors.o
 .debug_line    0x000000000000015d      0x4b5 build/obj/chsys.o
 .debug_line    0x0000000000000612      0x2dd build/obj/chvt.o
 .debug_line    0x00000000000008ef      0x425 build/obj/chschd.o
 .debug_line    0x0000000000000d14      0x677 build/obj/chthreads.o
 .debug_line    0x000000000000138b      0x263 build/obj/chtm.o
 .debug_line    0x00000000000015ee      0x243 build/obj/chregistry.o
 .debug_line    0x0000000000001831      0x40d build/obj/chmtx.o
 .debug_line    0x0000000000001c3e      0x48e build/obj/chevents.o
 .debug_line    0x00000000000020cc      0x413 build/obj/chqueues.o
 .debug_line    0x00000000000024df      0x23b build/obj/chmemcore.o
 .debug_line    0x000000000000271a      0x2a1 build/obj/chheap.o
 .debug_line    0x00000000000029bb      0x1e6 build/obj/chcore_v7m.o
 .debug_line    0x0000000000002ba1      0x282 build/obj/hal.o
 .debug_line    0x0000000000002e23      0x224 build/obj/st.o
 .debug_line    0x0000000000003047      0x410 build/obj/adc.o
 .debug_line    0x0000000000003457      0x3f5 build/obj/serial.o
 .debug_line    0x000000000000384c      0x446 build/obj/uart.o
 .debug_line    0x0000000000003c92      0x1d8 build/obj/nvic.o
 .debug_line    0x0000000000003e6a      0x464 build/obj/stm32_dma.o
 .debug_line    0x00000000000042ce      0x281 build/obj/hal_lld.o
 .debug_line    0x000000000000454f      0x28c build/obj/st_lld.o
 .debug_line    0x00000000000047db      0x52a build/obj/adc_lld.o
 .debug_line    0x0000000000004d05      0x251 build/obj/pal_lld.o
 .debug_line    0x0000000000004f56      0x3de build/obj/serial_lld.o
 .debug_line    0x0000000000005334      0x591 build/obj/uart_lld.o
 .debug_line    0x00000000000058c5      0x244 build/obj/board.o
 .debug_line    0x0000000000005b09      0x323 build/obj/chprintf.o
 .debug_line    0x0000000000005e2c      0x734 build/obj/main.o
 .debug_line    0x0000000000006560      0x203 /usr/lib/gcc/arm-none-eabi/5.2.0/../../../../arm-none-eabi/lib/armv7e-m/fpu/libm.a(lib_a-w_pow.o)
 .debug_line    0x0000000000006763      0x151 /usr/lib/gcc/arm-none-eabi/5.2.0/../../../../arm-none-eabi/lib/armv7e-m/fpu/libm.a(lib_a-w_sqrt.o)
 .debug_line    0x00000000000068b4      0x2e1 /usr/lib/gcc/arm-none-eabi/5.2.0/../../../../arm-none-eabi/lib/armv7e-m/fpu/libm.a(lib_a-e_pow.o)
 .debug_line    0x0000000000006b95      0x18e /usr/lib/gcc/arm-none-eabi/5.2.0/../../../../arm-none-eabi/lib/armv7e-m/fpu/libm.a(lib_a-e_sqrt.o)
 .debug_line    0x0000000000006d23      0x136 /usr/lib/gcc/arm-none-eabi/5.2.0/../../../../arm-none-eabi/lib/armv7e-m/fpu/libm.a(lib_a-s_fabs.o)
 .debug_line    0x0000000000006e59       0xfc /usr/lib/gcc/arm-none-eabi/5.2.0/../../../../arm-none-eabi/lib/armv7e-m/fpu/libm.a(lib_a-s_finite.o)
 .debug_line    0x0000000000006f55      0x11f /usr/lib/gcc/arm-none-eabi/5.2.0/../../../../arm-none-eabi/lib/armv7e-m/fpu/libm.a(lib_a-s_fpclassify.o)
 .debug_line    0x0000000000007074       0x97 /usr/lib/gcc/arm-none-eabi/5.2.0/../../../../arm-none-eabi/lib/armv7e-m/fpu/libm.a(lib_a-s_lib_ver.o)
 .debug_line    0x000000000000710b       0xa8 /usr/lib/gcc/arm-none-eabi/5.2.0/../../../../arm-none-eabi/lib/armv7e-m/fpu/libm.a(lib_a-s_matherr.o)
 .debug_line    0x00000000000071b3       0xa5 /usr/lib/gcc/arm-none-eabi/5.2.0/../../../../arm-none-eabi/lib/armv7e-m/fpu/libm.a(lib_a-s_nan.o)
 .debug_line    0x0000000000007258      0x164 /usr/lib/gcc/arm-none-eabi/5.2.0/../../../../arm-none-eabi/lib/armv7e-m/fpu/libm.a(lib_a-s_rint.o)
 .debug_line    0x00000000000073bc      0x136 /usr/lib/gcc/arm-none-eabi/5.2.0/../../../../arm-none-eabi/lib/armv7e-m/fpu/libm.a(lib_a-s_scalbn.o)
 .debug_line    0x00000000000074f2      0x10c /usr/lib/gcc/arm-none-eabi/5.2.0/../../../../arm-none-eabi/lib/armv7e-m/fpu/libm.a(lib_a-s_copysign.o)
 .debug_line    0x00000000000075fe      0x17f /usr/lib/gcc/arm-none-eabi/5.2.0/armv7e-m/fpu/libgcc.a(_arm_addsubdf3.o)
 .debug_line    0x000000000000777d      0x1a3 /usr/lib/gcc/arm-none-eabi/5.2.0/armv7e-m/fpu/libgcc.a(_arm_muldivdf3.o)
 .debug_line    0x0000000000007920       0xc0 /usr/lib/gcc/arm-none-eabi/5.2.0/armv7e-m/fpu/libgcc.a(_arm_cmpdf2.o)
 .debug_line    0x00000000000079e0       0x94 /usr/lib/gcc/arm-none-eabi/5.2.0/armv7e-m/fpu/libgcc.a(_arm_truncdfsf2.o)
 .debug_line    0x0000000000007a74       0xfe /usr/lib/gcc/arm-none-eabi/5.2.0/../../../../arm-none-eabi/lib/armv7e-m/fpu/libg.a(lib_a-errno.o)
 .debug_line    0x0000000000007b72       0xe3 /usr/lib/gcc/arm-none-eabi/5.2.0/../../../../arm-none-eabi/lib/armv7e-m/fpu/libg.a(lib_a-impure.o)

.debug_str      0x0000000000000000     0x37ab
 .debug_str     0x0000000000000000      0x16b build/obj/crt1.o
 .debug_str     0x000000000000016b      0x1d2 build/obj/vectors.o
                                        0x33d (size before relaxing)
 .debug_str     0x000000000000033d      0xd1e build/obj/chsys.o
                                        0xf71 (size before relaxing)
 .debug_str     0x000000000000105b       0x69 build/obj/chvt.o
                                        0x680 (size before relaxing)
 .debug_str     0x00000000000010c4      0x13e build/obj/chschd.o
                                        0x743 (size before relaxing)
 .debug_str     0x0000000000001202      0x20c build/obj/chthreads.o
                                        0x8e2 (size before relaxing)
 .debug_str     0x000000000000140e       0xb4 build/obj/chtm.o
                                        0x6d4 (size before relaxing)
 .debug_str     0x00000000000014c2       0x3e build/obj/chregistry.o
                                        0x6e0 (size before relaxing)
 .debug_str     0x0000000000001500       0xa6 build/obj/chmtx.o
                                        0x6b1 (size before relaxing)
 .debug_str     0x00000000000015a6      0x1ed build/obj/chevents.o
                                        0x7d1 (size before relaxing)
 .debug_str     0x0000000000001793      0x16f build/obj/chqueues.o
                                        0x75c (size before relaxing)
 .debug_str     0x0000000000001902       0x70 build/obj/chmemcore.o
                                        0x612 (size before relaxing)
 .debug_str     0x0000000000001972       0xb2 build/obj/chheap.o
                                        0x64a (size before relaxing)
 .debug_str     0x0000000000001a24       0xc8 build/obj/chcore_v7m.o
                                        0x6db (size before relaxing)
 .debug_str     0x0000000000001aec       0xeb build/obj/hal.o
                                        0x633 (size before relaxing)
 .debug_str     0x0000000000001bd7       0x7c build/obj/st.o
                                        0x639 (size before relaxing)
 .debug_str     0x0000000000001c53      0x37e build/obj/adc.o
                                        0x9a1 (size before relaxing)
 .debug_str     0x0000000000001fd1      0x172 build/obj/serial.o
                                        0x91d (size before relaxing)
 .debug_str     0x0000000000002143      0x275 build/obj/uart.o
                                        0x8d1 (size before relaxing)
 .debug_str     0x00000000000023b8       0x79 build/obj/nvic.o
                                        0x68e (size before relaxing)
 .debug_str     0x0000000000002431      0x233 build/obj/stm32_dma.o
                                        0xc08 (size before relaxing)
 .debug_str     0x0000000000002664       0x98 build/obj/hal_lld.o
                                        0x6fd (size before relaxing)
 .debug_str     0x00000000000026fc       0x95 build/obj/st_lld.o
                                        0x7ce (size before relaxing)
 .debug_str     0x0000000000002791       0xd0 build/obj/adc_lld.o
                                        0xe76 (size before relaxing)
 .debug_str     0x0000000000002861       0xc9 build/obj/pal_lld.o
                                        0x7ac (size before relaxing)
 .debug_str     0x000000000000292a       0x75 build/obj/serial_lld.o
                                        0x9f4 (size before relaxing)
 .debug_str     0x000000000000299f       0xc9 build/obj/uart_lld.o
                                        0xa23 (size before relaxing)
 .debug_str     0x0000000000002a68       0x3a build/obj/board.o
                                        0x623 (size before relaxing)
 .debug_str     0x0000000000002aa2      0x129 build/obj/chprintf.o
                                        0x69f (size before relaxing)
 .debug_str     0x0000000000002bcb      0x14d build/obj/main.o
                                        0xc0f (size before relaxing)
 .debug_str     0x0000000000002d18      0x1e5 /usr/lib/gcc/arm-none-eabi/5.2.0/../../../../arm-none-eabi/lib/armv7e-m/fpu/libm.a(lib_a-w_pow.o)
                                        0x2ab (size before relaxing)
 .debug_str     0x0000000000002efd       0x3e /usr/lib/gcc/arm-none-eabi/5.2.0/../../../../arm-none-eabi/lib/armv7e-m/fpu/libm.a(lib_a-w_sqrt.o)
                                        0x2a6 (size before relaxing)
 .debug_str     0x0000000000002f3b       0xb8 /usr/lib/gcc/arm-none-eabi/5.2.0/../../../../arm-none-eabi/lib/armv7e-m/fpu/libm.a(lib_a-e_pow.o)
                                        0x2ba (size before relaxing)
 .debug_str     0x0000000000002ff3       0x34 /usr/lib/gcc/arm-none-eabi/5.2.0/../../../../arm-none-eabi/lib/armv7e-m/fpu/libm.a(lib_a-e_sqrt.o)
                                        0x24a (size before relaxing)
 .debug_str     0x0000000000003027       0x34 /usr/lib/gcc/arm-none-eabi/5.2.0/../../../../arm-none-eabi/lib/armv7e-m/fpu/libm.a(lib_a-s_fabs.o)
                                        0x231 (size before relaxing)
 .debug_str     0x000000000000305b       0x93 /usr/lib/gcc/arm-none-eabi/5.2.0/../../../../arm-none-eabi/lib/armv7e-m/fpu/libm.a(lib_a-s_finite.o)
                                        0x216 (size before relaxing)
 .debug_str     0x00000000000030ee       0x37 /usr/lib/gcc/arm-none-eabi/5.2.0/../../../../arm-none-eabi/lib/armv7e-m/fpu/libm.a(lib_a-s_fpclassify.o)
                                        0x217 (size before relaxing)
 .debug_str     0x0000000000003125       0x34 /usr/lib/gcc/arm-none-eabi/5.2.0/../../../../arm-none-eabi/lib/armv7e-m/fpu/libm.a(lib_a-s_lib_ver.o)
                                        0x256 (size before relaxing)
 .debug_str     0x0000000000003159       0x34 /usr/lib/gcc/arm-none-eabi/5.2.0/../../../../arm-none-eabi/lib/armv7e-m/fpu/libm.a(lib_a-s_matherr.o)
                                        0x228 (size before relaxing)
 .debug_str     0x000000000000318d       0x30 /usr/lib/gcc/arm-none-eabi/5.2.0/../../../../arm-none-eabi/lib/armv7e-m/fpu/libm.a(lib_a-s_nan.o)
                                        0x1fe (size before relaxing)
 .debug_str     0x00000000000031bd       0xa4 /usr/lib/gcc/arm-none-eabi/5.2.0/../../../../arm-none-eabi/lib/armv7e-m/fpu/libm.a(lib_a-s_rint.o)
                                        0x257 (size before relaxing)
 .debug_str     0x0000000000003261       0x49 /usr/lib/gcc/arm-none-eabi/5.2.0/../../../../arm-none-eabi/lib/armv7e-m/fpu/libm.a(lib_a-s_scalbn.o)
                                        0x263 (size before relaxing)
 .debug_str     0x00000000000032aa       0x35 /usr/lib/gcc/arm-none-eabi/5.2.0/../../../../arm-none-eabi/lib/armv7e-m/fpu/libm.a(lib_a-s_copysign.o)
                                        0x238 (size before relaxing)
 .debug_str     0x00000000000032df      0x41e /usr/lib/gcc/arm-none-eabi/5.2.0/../../../../arm-none-eabi/lib/armv7e-m/fpu/libg.a(lib_a-errno.o)
                                        0x5b2 (size before relaxing)
 .debug_str     0x00000000000036fd       0xae /usr/lib/gcc/arm-none-eabi/5.2.0/../../../../arm-none-eabi/lib/armv7e-m/fpu/libg.a(lib_a-impure.o)
                                        0x5ca (size before relaxing)

.debug_frame    0x0000000000000000     0x1eb8
 .debug_frame   0x0000000000000000       0x40 build/obj/crt1.o
 .debug_frame   0x0000000000000040       0x20 build/obj/vectors.o
 .debug_frame   0x0000000000000060      0x118 build/obj/chsys.o
 .debug_frame   0x0000000000000178       0x84 build/obj/chvt.o
 .debug_frame   0x00000000000001fc      0x14c build/obj/chschd.o
 .debug_frame   0x0000000000000348      0x258 build/obj/chthreads.o
 .debug_frame   0x00000000000005a0       0xc8 build/obj/chtm.o
 .debug_frame   0x0000000000000668       0x3c build/obj/chregistry.o
 .debug_frame   0x00000000000006a4       0xf8 build/obj/chmtx.o
 .debug_frame   0x000000000000079c      0x1dc build/obj/chevents.o
 .debug_frame   0x0000000000000978      0x168 build/obj/chqueues.o
 .debug_frame   0x0000000000000ae0       0x68 build/obj/chmemcore.o
 .debug_frame   0x0000000000000b48       0xc0 build/obj/chheap.o
 .debug_frame   0x0000000000000c08       0x3c build/obj/chcore_v7m.o
 .debug_frame   0x0000000000000c44       0x30 build/obj/hal.o
 .debug_frame   0x0000000000000c74       0x60 build/obj/st.o
 .debug_frame   0x0000000000000cd4      0x128 build/obj/adc.o
 .debug_frame   0x0000000000000dfc      0x14c build/obj/serial.o
 .debug_frame   0x0000000000000f48      0x148 build/obj/uart.o
 .debug_frame   0x0000000000001090       0x68 build/obj/nvic.o
 .debug_frame   0x00000000000010f8      0x270 build/obj/stm32_dma.o
 .debug_frame   0x0000000000001368       0x3c build/obj/hal_lld.o
 .debug_frame   0x00000000000013a4       0x58 build/obj/st_lld.o
 .debug_frame   0x00000000000013fc      0x17c build/obj/adc_lld.o
 .debug_frame   0x0000000000001578       0x6c build/obj/pal_lld.o
 .debug_frame   0x00000000000015e4       0xa8 build/obj/serial_lld.o
 .debug_frame   0x000000000000168c      0x18c build/obj/uart_lld.o
 .debug_frame   0x0000000000001818       0x30 build/obj/board.o
 .debug_frame   0x0000000000001848       0xc8 build/obj/chprintf.o
 .debug_frame   0x0000000000001910      0x2f8 build/obj/main.o
 .debug_frame   0x0000000000001c08       0x60 /usr/lib/gcc/arm-none-eabi/5.2.0/../../../../arm-none-eabi/lib/armv7e-m/fpu/libm.a(lib_a-w_pow.o)
 .debug_frame   0x0000000000001c68       0x60 /usr/lib/gcc/arm-none-eabi/5.2.0/../../../../arm-none-eabi/lib/armv7e-m/fpu/libm.a(lib_a-w_sqrt.o)
 .debug_frame   0x0000000000001cc8       0x64 /usr/lib/gcc/arm-none-eabi/5.2.0/../../../../arm-none-eabi/lib/armv7e-m/fpu/libm.a(lib_a-e_pow.o)
 .debug_frame   0x0000000000001d2c       0x30 /usr/lib/gcc/arm-none-eabi/5.2.0/../../../../arm-none-eabi/lib/armv7e-m/fpu/libm.a(lib_a-e_sqrt.o)
 .debug_frame   0x0000000000001d5c       0x20 /usr/lib/gcc/arm-none-eabi/5.2.0/../../../../arm-none-eabi/lib/armv7e-m/fpu/libm.a(lib_a-s_fabs.o)
 .debug_frame   0x0000000000001d7c       0x20 /usr/lib/gcc/arm-none-eabi/5.2.0/../../../../arm-none-eabi/lib/armv7e-m/fpu/libm.a(lib_a-s_finite.o)
 .debug_frame   0x0000000000001d9c       0x34 /usr/lib/gcc/arm-none-eabi/5.2.0/../../../../arm-none-eabi/lib/armv7e-m/fpu/libm.a(lib_a-s_fpclassify.o)
 .debug_frame   0x0000000000001dd0       0x20 /usr/lib/gcc/arm-none-eabi/5.2.0/../../../../arm-none-eabi/lib/armv7e-m/fpu/libm.a(lib_a-s_matherr.o)
 .debug_frame   0x0000000000001df0       0x20 /usr/lib/gcc/arm-none-eabi/5.2.0/../../../../arm-none-eabi/lib/armv7e-m/fpu/libm.a(lib_a-s_nan.o)
 .debug_frame   0x0000000000001e10       0x3c /usr/lib/gcc/arm-none-eabi/5.2.0/../../../../arm-none-eabi/lib/armv7e-m/fpu/libm.a(lib_a-s_rint.o)
 .debug_frame   0x0000000000001e4c       0x2c /usr/lib/gcc/arm-none-eabi/5.2.0/../../../../arm-none-eabi/lib/armv7e-m/fpu/libm.a(lib_a-s_scalbn.o)
 .debug_frame   0x0000000000001e78       0x20 /usr/lib/gcc/arm-none-eabi/5.2.0/../../../../arm-none-eabi/lib/armv7e-m/fpu/libm.a(lib_a-s_copysign.o)
 .debug_frame   0x0000000000001e98       0x20 /usr/lib/gcc/arm-none-eabi/5.2.0/../../../../arm-none-eabi/lib/armv7e-m/fpu/libg.a(lib_a-errno.o)

.debug_loc      0x0000000000000000     0x7b69
 .debug_loc     0x0000000000000000      0x319 build/obj/chsys.o
 .debug_loc     0x0000000000000319      0x28f build/obj/chvt.o
 .debug_loc     0x00000000000005a8      0x333 build/obj/chschd.o
 .debug_loc     0x00000000000008db      0xa68 build/obj/chthreads.o
 .debug_loc     0x0000000000001343       0x99 build/obj/chtm.o
 .debug_loc     0x00000000000013dc       0x3f build/obj/chregistry.o
 .debug_loc     0x000000000000141b      0x5f5 build/obj/chmtx.o
 .debug_loc     0x0000000000001a10      0x659 build/obj/chevents.o
 .debug_loc     0x0000000000002069      0x5ec build/obj/chqueues.o
 .debug_loc     0x0000000000002655       0xb0 build/obj/chmemcore.o
 .debug_loc     0x0000000000002705      0x3a8 build/obj/chheap.o
 .debug_loc     0x0000000000002aad       0xc7 build/obj/chcore_v7m.o
 .debug_loc     0x0000000000002b74      0x4e5 build/obj/adc.o
 .debug_loc     0x0000000000003059      0x5e2 build/obj/serial.o
 .debug_loc     0x000000000000363b      0x335 build/obj/uart.o
 .debug_loc     0x0000000000003970       0xee build/obj/nvic.o
 .debug_loc     0x0000000000003a5e      0x276 build/obj/stm32_dma.o
 .debug_loc     0x0000000000003cd4      0x47e build/obj/adc_lld.o
 .debug_loc     0x0000000000004152      0x129 build/obj/pal_lld.o
 .debug_loc     0x000000000000427b      0x3c8 build/obj/serial_lld.o
 .debug_loc     0x0000000000004643      0x369 build/obj/uart_lld.o
 .debug_loc     0x00000000000049ac      0x8bf build/obj/chprintf.o
 .debug_loc     0x000000000000526b      0xb5f build/obj/main.o
 .debug_loc     0x0000000000005dca      0x13c /usr/lib/gcc/arm-none-eabi/5.2.0/../../../../arm-none-eabi/lib/armv7e-m/fpu/libm.a(lib_a-w_pow.o)
 .debug_loc     0x0000000000005f06       0xd2 /usr/lib/gcc/arm-none-eabi/5.2.0/../../../../arm-none-eabi/lib/armv7e-m/fpu/libm.a(lib_a-w_sqrt.o)
 .debug_loc     0x0000000000005fd8     0x11a9 /usr/lib/gcc/arm-none-eabi/5.2.0/../../../../arm-none-eabi/lib/armv7e-m/fpu/libm.a(lib_a-e_pow.o)
 .debug_loc     0x0000000000007181      0x4a2 /usr/lib/gcc/arm-none-eabi/5.2.0/../../../../arm-none-eabi/lib/armv7e-m/fpu/libm.a(lib_a-e_sqrt.o)
 .debug_loc     0x0000000000007623       0x3d /usr/lib/gcc/arm-none-eabi/5.2.0/../../../../arm-none-eabi/lib/armv7e-m/fpu/libm.a(lib_a-s_fabs.o)
 .debug_loc     0x0000000000007660       0x21 /usr/lib/gcc/arm-none-eabi/5.2.0/../../../../arm-none-eabi/lib/armv7e-m/fpu/libm.a(lib_a-s_matherr.o)
 .debug_loc     0x0000000000007681      0x2a1 /usr/lib/gcc/arm-none-eabi/5.2.0/../../../../arm-none-eabi/lib/armv7e-m/fpu/libm.a(lib_a-s_rint.o)
 .debug_loc     0x0000000000007922      0x20a /usr/lib/gcc/arm-none-eabi/5.2.0/../../../../arm-none-eabi/lib/armv7e-m/fpu/libm.a(lib_a-s_scalbn.o)
 .debug_loc     0x0000000000007b2c       0x3d /usr/lib/gcc/arm-none-eabi/5.2.0/../../../../arm-none-eabi/lib/armv7e-m/fpu/libm.a(lib_a-s_copysign.o)

Cross Reference Table

Symbol                                            File
ADCD1                                             build/obj/adc_lld.o
                                                  build/obj/main.o
BusFault_Handler                                  build/obj/vectors.o
DebugMon_Handler                                  build/obj/vectors.o
HardFault_Handler                                 build/obj/vectors.o
MemManage_Handler                                 build/obj/vectors.o
NMI_Handler                                       build/obj/vectors.o
PendSV_Handler                                    build/obj/vectors.o
Reset_Handler                                     build/obj/crt0_v7m.o
SD1                                               build/obj/serial_lld.o
                                                  build/obj/main.o
SVC_Handler                                       build/obj/chcore_v7m.o
                                                  build/obj/vectors.o
Sinewave                                          build/obj/main.o
SysTick_Handler                                   build/obj/vectors.o
SystemCoreClock                                   build/obj/hal_lld.o
TestThread                                        build/obj/test.o
UARTD2                                            build/obj/uart_lld.o
UsageFault_Handler                                build/obj/vectors.o
Vector100                                         build/obj/vectors.o
Vector104                                         build/obj/vectors.o
Vector108                                         build/obj/vectors.o
Vector10C                                         build/obj/vectors.o
Vector110                                         build/obj/vectors.o
Vector114                                         build/obj/vectors.o
Vector118                                         build/obj/vectors.o
Vector11C                                         build/obj/vectors.o
Vector120                                         build/obj/stm32_dma.o
                                                  build/obj/vectors.o
Vector124                                         build/obj/stm32_dma.o
                                                  build/obj/vectors.o
Vector128                                         build/obj/stm32_dma.o
                                                  build/obj/vectors.o
Vector12C                                         build/obj/stm32_dma.o
                                                  build/obj/vectors.o
Vector130                                         build/obj/stm32_dma.o
                                                  build/obj/vectors.o
Vector134                                         build/obj/vectors.o
Vector138                                         build/obj/vectors.o
Vector13C                                         build/obj/vectors.o
Vector140                                         build/obj/vectors.o
Vector144                                         build/obj/vectors.o
Vector148                                         build/obj/vectors.o
Vector14C                                         build/obj/vectors.o
Vector150                                         build/obj/stm32_dma.o
                                                  build/obj/vectors.o
Vector154                                         build/obj/stm32_dma.o
                                                  build/obj/vectors.o
Vector158                                         build/obj/stm32_dma.o
                                                  build/obj/vectors.o
Vector15C                                         build/obj/vectors.o