
Discarded input sections

 .data          0x0000000000000000        0x0 build/obj/crt0_v7m.o
 .bss           0x0000000000000000        0x0 build/obj/crt0_v7m.o
 .data          0x0000000000000000        0x0 build/obj/chcoreasm_v7m.o
 .bss           0x0000000000000000        0x0 build/obj/chcoreasm_v7m.o
 .text          0x0000000000000000        0x0 build/obj/crt1.o
 .data          0x0000000000000000        0x0 build/obj/crt1.o
 .bss           0x0000000000000000        0x0 build/obj/crt1.o
 .text.__early_init
                0x0000000000000000       0x10 build/obj/crt1.o
 .text          0x0000000000000000        0x0 build/obj/vectors.o
 .data          0x0000000000000000        0x0 build/obj/vectors.o
 .bss           0x0000000000000000        0x0 build/obj/vectors.o
 .text          0x0000000000000000        0x0 build/obj/chsys.o
 .data          0x0000000000000000        0x0 build/obj/chsys.o
 .bss           0x0000000000000000        0x0 build/obj/chsys.o
 .text.chSysHalt
                0x0000000000000000       0x10 build/obj/chsys.o
 .text.chSysIntegrityCheckI
                0x0000000000000000       0xc0 build/obj/chsys.o
 .text.chSysGetStatusAndLockX
                0x0000000000000000       0x20 build/obj/chsys.o
 .text.chSysRestoreStatusX
                0x0000000000000000       0x20 build/obj/chsys.o
 .text.chSysIsCounterWithinX
                0x0000000000000000       0x10 build/obj/chsys.o
 .text.chSysPolledDelayX
                0x0000000000000000       0x20 build/obj/chsys.o
 .text          0x0000000000000000        0x0 build/obj/chdebug.o
 .data          0x0000000000000000        0x0 build/obj/chdebug.o
 .bss           0x0000000000000000        0x0 build/obj/chdebug.o
 .debug_info    0x0000000000000000      0x6f8 build/obj/chdebug.o
 .debug_abbrev  0x0000000000000000      0x125 build/obj/chdebug.o
 .debug_aranges
                0x0000000000000000       0x18 build/obj/chdebug.o
 .debug_line    0x0000000000000000      0x15d build/obj/chdebug.o
 .debug_str     0x0000000000000000      0x55e build/obj/chdebug.o
 .comment       0x0000000000000000       0x22 build/obj/chdebug.o
 .ARM.attributes
                0x0000000000000000       0x39 build/obj/chdebug.o
 .text          0x0000000000000000        0x0 build/obj/chvt.o
 .data          0x0000000000000000        0x0 build/obj/chvt.o
 .bss           0x0000000000000000        0x0 build/obj/chvt.o
 .text          0x0000000000000000        0x0 build/obj/chschd.o
 .data          0x0000000000000000        0x0 build/obj/chschd.o
 .bss           0x0000000000000000        0x0 build/obj/chschd.o
 .text.chSchDoRescheduleBehind
                0x0000000000000000       0x40 build/obj/chschd.o
 .text.chSchRescheduleS
                0x0000000000000000       0x20 build/obj/chschd.o
 .text          0x0000000000000000        0x0 build/obj/chthreads.o
 .data          0x0000000000000000        0x0 build/obj/chthreads.o
 .bss           0x0000000000000000        0x0 build/obj/chthreads.o
 .text.chThdCreateI
                0x0000000000000000       0x50 build/obj/chthreads.o
 .text.chThdStart
                0x0000000000000000       0x20 build/obj/chthreads.o
 .text.chThdSetPriority
                0x0000000000000000       0x30 build/obj/chthreads.o
 .text.chThdTerminate
                0x0000000000000000       0x20 build/obj/chthreads.o
 .text.chThdSleepUntil
                0x0000000000000000       0x20 build/obj/chthreads.o
 .text.chThdSleepUntilWindowed
                0x0000000000000000       0x30 build/obj/chthreads.o
 .text.chThdYield
                0x0000000000000000       0x30 build/obj/chthreads.o
 .text.chThdWait
                0x0000000000000000       0x40 build/obj/chthreads.o
 .text.chThdSuspendTimeoutS
                0x0000000000000000       0x20 build/obj/chthreads.o
 .text.chThdResumeS
                0x0000000000000000       0x10 build/obj/chthreads.o
 .text.chThdResume
                0x0000000000000000       0x30 build/obj/chthreads.o
 .text.chThdDequeueAllI
                0x0000000000000000       0x30 build/obj/chthreads.o
 .text          0x0000000000000000        0x0 build/obj/chtm.o
 .data          0x0000000000000000        0x0 build/obj/chtm.o
 .bss           0x0000000000000000        0x0 build/obj/chtm.o
 .text.chTMObjectInit
                0x0000000000000000       0x20 build/obj/chtm.o
 .text.chTMChainMeasurementToX
                0x0000000000000000       0x40 build/obj/chtm.o
 .text          0x0000000000000000        0x0 build/obj/chdynamic.o
 .data          0x0000000000000000        0x0 build/obj/chdynamic.o
 .bss           0x0000000000000000        0x0 build/obj/chdynamic.o
 .text.chThdAddRef
                0x0000000000000000       0x20 build/obj/chdynamic.o
 .text.chThdRelease
                0x0000000000000000       0x50 build/obj/chdynamic.o
 .text.chThdCreateFromHeap
                0x0000000000000000       0x40 build/obj/chdynamic.o
 .text.chThdCreateFromMemoryPool
                0x0000000000000000       0x50 build/obj/chdynamic.o
[...]
Memory Configuration

Name             Origin             Length             Attributes
flash            0x0000000008000000 0x0000000000040000
ram0             0x0000000020000000 0x0000000000010000
ram1             0x0000000000000000 0x0000000000000000
ram2             0x0000000000000000 0x0000000000000000
ram3             0x0000000000000000 0x0000000000000000
ram4             0x0000000000000000 0x0000000000000000
ram5             0x0000000000000000 0x0000000000000000
ram6             0x0000000000000000 0x0000000000000000
ram7             0x0000000000000000 0x0000000000000000
*default*        0x0000000000000000 0xffffffffffffffff

Linker script and memory map

LOAD build/obj/crt0_v7m.o
LOAD build/obj/chcoreasm_v7m.o
LOAD build/obj/crt1.o
LOAD build/obj/vectors.o
LOAD build/obj/chsys.o
LOAD build/obj/chdebug.o
LOAD build/obj/chvt.o
LOAD build/obj/chschd.o
LOAD build/obj/chthreads.o
LOAD build/obj/chtm.o
LOAD build/obj/chdynamic.o
LOAD build/obj/chregistry.o
LOAD build/obj/chsem.o
LOAD build/obj/chmtx.o
LOAD build/obj/chcond.o
LOAD build/obj/chevents.o
LOAD build/obj/chmsg.o
LOAD build/obj/chmboxes.o
LOAD build/obj/chqueues.o
LOAD build/obj/chmemcore.o
LOAD build/obj/chheap.o
LOAD build/obj/chmempools.o
LOAD build/obj/chcore.o
LOAD build/obj/chcore_v7m.o
LOAD build/obj/osal.o
LOAD build/obj/hal.o
LOAD build/obj/st.o
LOAD build/obj/hal_queues.o
LOAD build/obj/hal_mmcsd.o
LOAD build/obj/adc.o
LOAD build/obj/pal.o
LOAD build/obj/serial.o
LOAD build/obj/nvic.o
LOAD build/obj/stm32_dma.o
LOAD build/obj/hal_lld.o
LOAD build/obj/st_lld.o
LOAD build/obj/adc_lld.o
LOAD build/obj/pal_lld.o
LOAD build/obj/serial_lld.o
LOAD build/obj/board.o
LOAD build/obj/test.o
LOAD build/obj/testthd.o
LOAD build/obj/testsem.o
LOAD build/obj/testmtx.o
LOAD build/obj/testmsg.o
LOAD build/obj/testmbox.o
LOAD build/obj/testevt.o
LOAD build/obj/testheap.o
LOAD build/obj/testpools.o
LOAD build/obj/testdyn.o
LOAD build/obj/testqueues.o
LOAD build/obj/testsys.o
LOAD build/obj/testbmk.o
LOAD build/obj/main.o
                0x0000000020000000                __ram0_start__ = ORIGIN (ram0)
                0x0000000000010000                __ram0_size__ = 0x10000
                0x0000000020010000                __ram0_end__ = (__ram0_start__ + __ram0_size__)
                0x0000000000000000                __ram1_start__ = ORIGIN (ram1)
                0x0000000000000000                __ram1_size__ = 0x0
                0x0000000000000000                __ram1_end__ = (__ram1_start__ + __ram1_size__)
                0x0000000000000000                __ram2_start__ = ORIGIN (ram2)
                0x0000000000000000                __ram2_size__ = 0x0
                0x0000000000000000                __ram2_end__ = (__ram2_start__ + __ram2_size__)
                0x0000000000000000                __ram3_start__ = ORIGIN (ram3)
                0x0000000000000000                __ram3_size__ = 0x0
                0x0000000000000000                __ram3_end__ = (__ram3_start__ + __ram3_size__)
                0x0000000000000000                __ram4_start__ = ORIGIN (ram4)
                0x0000000000000000                __ram4_size__ = 0x0
                0x0000000000000000                __ram4_end__ = (__ram4_start__ + __ram4_size__)
                0x0000000000000000                __ram5_start__ = ORIGIN (ram5)
                0x0000000000000000                __ram5_size__ = 0x0
                0x0000000000000000                __ram5_end__ = (__ram5_start__ + __ram5_size__)
                0x0000000000000000                __ram6_start__ = ORIGIN (ram6)
                0x0000000000000000                __ram6_size__ = 0x0
                0x0000000000000000                __ram6_end__ = (__ram6_start__ + __ram6_size__)
                0x0000000000000000                __ram7_start__ = ORIGIN (ram7)
                0x0000000000000000                __ram7_size__ = 0x0
                0x0000000000000000                __ram7_end__ = (__ram7_start__ + __ram7_size__)
                0x0000000000000000                . = 0x0
                0x0000000000000000                _text = .

startup         0x0000000008000000      0x1c0
 *(.vectors)
 .vectors       0x0000000008000000      0x1c0 build/obj/vectors.o
                0x0000000008000000                _vectors

constructors    0x00000000080001c0        0x0
                0x00000000080001c0                PROVIDE (__init_array_start, .)
 *(SORT(.init_array.*))
 *(.init_array)
                0x00000000080001c0                PROVIDE (__init_array_end, .)

destructors     0x00000000080001c0        0x0
                0x00000000080001c0                PROVIDE (__fini_array_start, .)
 *(.fini_array)
 *(SORT(.fini_array.*))
                0x00000000080001c0                PROVIDE (__fini_array_end, .)

.text           0x00000000080001c0     0x1f08
 *(.text)
 .text          0x00000000080001c0       0xf4 build/obj/crt0_v7m.o
                0x00000000080001c0                Reset_Handler
 *fill*         0x00000000080002b4        0xc 
 .text          0x00000000080002c0       0x30 build/obj/chcoreasm_v7m.o
                0x00000000080002c0                _port_switch
                0x00000000080002d8                _port_thread_start
                0x00000000080002e8                _port_switch_from_isr
                0x00000000080002ec                _port_exit_from_isr
 *(.text.*)
 .text.__late_init
                0x00000000080002f0       0x10 build/obj/crt1.o
                0x00000000080002f0                __late_init
 .text.__default_exit
                0x0000000008000300       0x10 build/obj/crt1.o
                0x0000000008000300                __default_exit
 .text._unhandled_exception
                0x0000000008000310       0x10 build/obj/vectors.o
                0x0000000008000310                Vector58
                0x0000000008000310                Vector9C
                0x0000000008000310                VectorE8
                0x0000000008000310                VectorAC
                0x0000000008000310                DebugMon_Handler
                0x0000000008000310                Vector1A0
                0x0000000008000310                Vector5C
                0x0000000008000310                Vector11C
                0x0000000008000310                HardFault_Handler
                0x0000000008000310                Vector1B8
                0x0000000008000310                Vector19C
                0x0000000008000310                SysTick_Handler
                0x0000000008000310                Vector8C
                0x0000000008000310                VectorDC
                0x0000000008000310                PendSV_Handler
                0x0000000008000310                Vector168
                0x0000000008000310                NMI_Handler
                0x0000000008000310                Vector110
                0x0000000008000310                VectorC8
                0x0000000008000310                Vector94
                0x0000000008000310                VectorA8
                0x0000000008000310                VectorB4
                0x0000000008000310                Vector160
                0x0000000008000310                Vector1B0
                0x0000000008000310                UsageFault_Handler
                0x0000000008000310                VectorEC
                0x0000000008000310                Vector40
                0x0000000008000310                VectorF8
                0x0000000008000310                Vector108
                0x0000000008000310                VectorBC
                0x0000000008000310                Vector190
                0x0000000008000310                Vector148
                0x0000000008000310                Vector188
                0x0000000008000310                Vector198
                0x0000000008000310                Vector118
                0x0000000008000310                Vector64
                0x0000000008000310                VectorCC
                0x0000000008000310                Vector54
                0x0000000008000310                Vector98
                0x0000000008000310                Vector138
                0x0000000008000310                Vector24
                0x0000000008000310                Vector1AC
                0x0000000008000310                Vector178
                0x0000000008000310                Vector1A4
                0x0000000008000310                VectorD0
                0x0000000008000310                Vector1B4
                0x0000000008000310                Vector140
                0x0000000008000310                VectorE4
                0x0000000008000310                VectorC0
                0x0000000008000310                Vector134
                0x0000000008000310                VectorF0
                0x0000000008000310                Vector13C
                0x0000000008000310                Vector100
                0x0000000008000310                VectorE0
                0x0000000008000310                VectorF4
                0x0000000008000310                MemManage_Handler
                0x0000000008000310                VectorA0
                0x0000000008000310                VectorC4
                0x0000000008000310                Vector180
                0x0000000008000310                Vector90
                0x0000000008000310                Vector114
                0x0000000008000310                Vector60
                0x0000000008000310                Vector164
                0x0000000008000310                Vector1C
                0x0000000008000310                Vector1BC
                0x0000000008000310                Vector17C
                0x0000000008000310                Vector48
                0x0000000008000310                Vector1A8
                0x0000000008000310                Vector16C
                0x0000000008000310                VectorD4
                0x0000000008000310                Vector4C
                0x0000000008000310                Vector144
                0x0000000008000310                Vector15C
                0x0000000008000310                Vector68
                0x0000000008000310                _unhandled_exception
                0x0000000008000310                Vector170
                0x0000000008000310                Vector104
                0x0000000008000310                Vector184
                0x0000000008000310                Vector10C
                0x0000000008000310                Vector14C
                0x0000000008000310                BusFault_Handler
                0x0000000008000310                Vector50
                0x0000000008000310                Vector194
                0x0000000008000310                Vector44
                0x0000000008000310                Vector28
                0x0000000008000310                VectorB8
                0x0000000008000310                Vector34
                0x0000000008000310                VectorA4
                0x0000000008000310                Vector20
                0x0000000008000310                Vector18C
                0x0000000008000310                Vector174
 .text._idle_thread
                0x0000000008000320       0x10 build/obj/chsys.o
 .text.chSysInit
                0x0000000008000330       0xb0 build/obj/chsys.o
                0x0000000008000330                chSysInit
 .text.chSysTimerHandlerI
                0x00000000080003e0       0x80 build/obj/chsys.o
                0x00000000080003e0                chSysTimerHandlerI
 .text._vt_init
                0x0000000008000460       0x20 build/obj/chvt.o
                0x0000000008000460                _vt_init
 .text.chVTDoSetI
                0x0000000008000480       0x80 build/obj/chvt.o
                0x0000000008000480                chVTDoSetI
 .text.chVTDoResetI
                0x0000000008000500       0x80 build/obj/chvt.o
                0x0000000008000500                chVTDoResetI
 .text.wakeup   0x0000000008000580       0x70 build/obj/chschd.o
 .text._scheduler_init
                0x00000000080005f0       0x20 build/obj/chschd.o
                0x00000000080005f0                _scheduler_init
 .text.chSchReadyI
                0x0000000008000610       0x30 build/obj/chschd.o
                0x0000000008000610                chSchReadyI
 .text.chSchGoSleepS
                0x0000000008000640       0x30 build/obj/chschd.o
                0x0000000008000640                chSchGoSleepS
 .text.chSchGoSleepTimeoutS
                0x0000000008000670       0x50 build/obj/chschd.o
                0x0000000008000670                chSchGoSleepTimeoutS
 .text.chSchWakeupS
                0x00000000080006c0       0x60 build/obj/chschd.o
                0x00000000080006c0                chSchWakeupS
 .text.chSchIsPreemptionRequired
                0x0000000008000720       0x20 build/obj/chschd.o
                0x0000000008000720                chSchIsPreemptionRequired
 .text.chSchDoRescheduleAhead
                0x0000000008000740       0x40 build/obj/chschd.o
                0x0000000008000740                chSchDoRescheduleAhead
 .text.chSchDoReschedule
                0x0000000008000780       0x10 build/obj/chschd.o
                0x0000000008000780                chSchDoReschedule
 .text._thread_init
                0x0000000008000790       0x40 build/obj/chthreads.o
                0x0000000008000790                _thread_init
 .text.chThdCreateStatic
                0x00000000080007d0       0x70 build/obj/chthreads.o
                0x00000000080007d0                chThdCreateStatic
 .text.chThdSleep
                0x0000000008000840       0x20 build/obj/chthreads.o
                0x0000000008000840                chThdSleep
 .text.chThdExitS
                0x0000000008000860       0x40 build/obj/chthreads.o
                0x0000000008000860                chThdExitS
 .text.chThdExit
                0x00000000080008a0       0x10 build/obj/chthreads.o
                0x00000000080008a0                chThdExit
 .text.chThdSuspendS
                0x00000000080008b0       0x20 build/obj/chthreads.o
                0x00000000080008b0                chThdSuspendS
 .text.chThdResumeI
                0x00000000080008d0       0x20 build/obj/chthreads.o
                0x00000000080008d0                chThdResumeI
 .text.chThdEnqueueTimeoutS
                0x00000000080008f0       0x30 build/obj/chthreads.o
                0x00000000080008f0                chThdEnqueueTimeoutS
 .text.chThdDequeueNextI
                0x0000000008000920       0x20 build/obj/chthreads.o
                0x0000000008000920                chThdDequeueNextI
 .text.chTMStartMeasurementX
                0x0000000008000940       0x10 build/obj/chtm.o
                0x0000000008000940                chTMStartMeasurementX
 .text.chTMStopMeasurementX
                0x0000000008000950       0x50 build/obj/chtm.o
                0x0000000008000950                chTMStopMeasurementX
 .text._tm_init
                0x00000000080009a0       0x40 build/obj/chtm.o
                0x00000000080009a0                _tm_init
 .text.chMtxObjectInit
                0x00000000080009e0       0x10 build/obj/chmtx.o
                0x00000000080009e0                chMtxObjectInit
 .text.chEvtSignalI
                0x00000000080009f0       0x30 build/obj/chevents.o
                0x00000000080009f0                chEvtSignalI
 .text.chEvtBroadcastFlagsI
                0x0000000008000a20       0x30 build/obj/chevents.o
                0x0000000008000a20                chEvtBroadcastFlagsI
 .text.chIQObjectInit
                0x0000000008000a50       0x20 build/obj/chqueues.o
                0x0000000008000a50                chIQObjectInit
 .text.chIQPutI
                0x0000000008000a70       0x40 build/obj/chqueues.o
                0x0000000008000a70                chIQPutI
 .text.chIQGetTimeout
                0x0000000008000ab0       0x50 build/obj/chqueues.o
                0x0000000008000ab0                chIQGetTimeout
 .text.chIQReadTimeout
                0x0000000008000b00       0x80 build/obj/chqueues.o
                0x0000000008000b00                chIQReadTimeout
 .text.chOQObjectInit
                0x0000000008000b80       0x20 build/obj/chqueues.o
                0x0000000008000b80                chOQObjectInit
 .text.chOQPutTimeout
                0x0000000008000ba0       0x50 build/obj/chqueues.o
                0x0000000008000ba0                chOQPutTimeout
 .text.chOQGetI
                0x0000000008000bf0       0x40 build/obj/chqueues.o
                0x0000000008000bf0                chOQGetI
 .text.chOQWriteTimeout
                0x0000000008000c30       0x90 build/obj/chqueues.o
                0x0000000008000c30                chOQWriteTimeout
 .text._core_init
                0x0000000008000cc0       0x30 build/obj/chmemcore.o
                0x0000000008000cc0                _core_init
 .text.chCoreAlloc
                0x0000000008000cf0       0x40 build/obj/chmemcore.o
                0x0000000008000cf0                chCoreAlloc
 .text._heap_init
                0x0000000008000d30       0x20 build/obj/chheap.o
                0x0000000008000d30                _heap_init
 .text.SVC_Handler
                0x0000000008000d50       0x20 build/obj/chcore_v7m.o
                0x0000000008000d50                SVC_Handler
 .text._port_irq_epilogue
                0x0000000008000d70       0x60 build/obj/chcore_v7m.o
                0x0000000008000d70                _port_irq_epilogue
 .text.halInit  0x0000000008000dd0       0x30 build/obj/hal.o
                0x0000000008000dd0                halInit
 .text.stInit   0x0000000008000e00       0x10 build/obj/st.o
                0x0000000008000e00                stInit
 .text.stStartAlarm
                0x0000000008000e10       0x10 build/obj/st.o
                0x0000000008000e10                stStartAlarm
 .text.stStopAlarm
                0x0000000008000e20       0x10 build/obj/st.o
                0x0000000008000e20                stStopAlarm
 .text.stSetAlarm
                0x0000000008000e30       0x10 build/obj/st.o
                0x0000000008000e30                stSetAlarm
 .text.adcInit  0x0000000008000e40       0x10 build/obj/adc.o
                0x0000000008000e40                adcInit
 .text.adcObjectInit
                0x0000000008000e50       0x20 build/obj/adc.o
                0x0000000008000e50                adcObjectInit
 .text.adcStart
                0x0000000008000e70       0x20 build/obj/adc.o
                0x0000000008000e70                adcStart
 .text.adcConvert
                0x0000000008000e90       0x30 build/obj/adc.o
                0x0000000008000e90                adcConvert
 .text.readt    0x0000000008000ec0       0x10 build/obj/serial.o
 .text.read     0x0000000008000ed0       0x10 build/obj/serial.o
 .text.writet   0x0000000008000ee0       0x10 build/obj/serial.o
 .text.write    0x0000000008000ef0       0x10 build/obj/serial.o
 .text.gett     0x0000000008000f00       0x10 build/obj/serial.o
 .text.get      0x0000000008000f10       0x10 build/obj/serial.o
 .text.putt     0x0000000008000f20       0x10 build/obj/serial.o
 .text.put      0x0000000008000f30       0x10 build/obj/serial.o
 .text.sdInit   0x0000000008000f40       0x10 build/obj/serial.o
                0x0000000008000f40                sdInit
 .text.sdObjectInit
                0x0000000008000f50       0x40 build/obj/serial.o
                0x0000000008000f50                sdObjectInit
 .text.sdIncomingDataI
                0x0000000008000f90       0x40 build/obj/serial.o
                0x0000000008000f90                sdIncomingDataI
 .text.nvicEnableVector
                0x0000000008000fd0       0x40 build/obj/nvic.o
                0x0000000008000fd0                nvicEnableVector
 .text.Vector6C
                0x0000000008001010       0x30 build/obj/stm32_dma.o
                0x0000000008001010                Vector6C
 .text.Vector70
                0x0000000008001040       0x30 build/obj/stm32_dma.o
                0x0000000008001040                Vector70
 .text.Vector74
                0x0000000008001070       0x30 build/obj/stm32_dma.o
                0x0000000008001070                Vector74
 .text.Vector78
                0x00000000080010a0       0x30 build/obj/stm32_dma.o
                0x00000000080010a0                Vector78
 .text.Vector7C
                0x00000000080010d0       0x30 build/obj/stm32_dma.o
                0x00000000080010d0                Vector7C
 .text.Vector80
                0x0000000008001100       0x30 build/obj/stm32_dma.o
                0x0000000008001100                Vector80
 .text.Vector84
                0x0000000008001130       0x30 build/obj/stm32_dma.o
                0x0000000008001130                Vector84
 .text.VectorFC
                0x0000000008001160       0x30 build/obj/stm32_dma.o
                0x0000000008001160                VectorFC
 .text.Vector120
                0x0000000008001190       0x30 build/obj/stm32_dma.o
                0x0000000008001190                Vector120
 .text.Vector124
                0x00000000080011c0       0x30 build/obj/stm32_dma.o
                0x00000000080011c0                Vector124
 .text.Vector128
                0x00000000080011f0       0x30 build/obj/stm32_dma.o
                0x00000000080011f0                Vector128
 .text.Vector12C
                0x0000000008001220       0x30 build/obj/stm32_dma.o
                0x0000000008001220                Vector12C
 .text.Vector130
                0x0000000008001250       0x30 build/obj/stm32_dma.o
                0x0000000008001250                Vector130
 .text.Vector150
                0x0000000008001280       0x30 build/obj/stm32_dma.o
                0x0000000008001280                Vector150
 .text.Vector154
                0x00000000080012b0       0x30 build/obj/stm32_dma.o
                0x00000000080012b0                Vector154
 .text.Vector158
                0x00000000080012e0       0x30 build/obj/stm32_dma.o
                0x00000000080012e0                Vector158
 .text.dmaInit  0x0000000008001310       0x60 build/obj/stm32_dma.o
                0x0000000008001310                dmaInit
 .text.dmaStreamAllocate
                0x0000000008001370       0x90 build/obj/stm32_dma.o
                0x0000000008001370                dmaStreamAllocate
 .text.hal_lld_init
                0x0000000008001400       0x70 build/obj/hal_lld.o
                0x0000000008001400                hal_lld_init
 .text.stm32_clock_init
                0x0000000008001470       0xd0 build/obj/hal_lld.o
                0x0000000008001470                stm32_clock_init
 .text.VectorB0
                0x0000000008001540       0x30 build/obj/st_lld.o
                0x0000000008001540                VectorB0
 .text.st_lld_init
                0x0000000008001570       0x50 build/obj/st_lld.o
                0x0000000008001570                st_lld_init
 .text.adc_lld_serve_rx_interrupt
                0x00000000080015c0      0x120 build/obj/adc_lld.o
 .text.Vector88
                0x00000000080016e0       0x90 build/obj/adc_lld.o
                0x00000000080016e0                Vector88
 .text.adc_lld_init
                0x0000000008001770       0x40 build/obj/adc_lld.o
                0x0000000008001770                adc_lld_init
 .text.adc_lld_start
                0x00000000080017b0       0x70 build/obj/adc_lld.o
                0x00000000080017b0                adc_lld_start
 .text.adc_lld_start_conversion
                0x0000000008001820       0xa0 build/obj/adc_lld.o
                0x0000000008001820                adc_lld_start_conversion
 .text.adcSTM32EnableTSVREFE
                0x00000000080018c0       0x10 build/obj/adc_lld.o
                0x00000000080018c0                adcSTM32EnableTSVREFE
 .text._pal_lld_init
                0x00000000080018d0      0x110 build/obj/pal_lld.o
                0x00000000080018d0                _pal_lld_init
 .text._pal_lld_setgroupmode
                0x00000000080019e0       0xc0 build/obj/pal_lld.o
                0x00000000080019e0                _pal_lld_setgroupmode
 .text.notify2  0x0000000008001aa0       0x10 build/obj/serial_lld.o
 .text.VectorD8
                0x0000000008001ab0      0x120 build/obj/serial_lld.o
                0x0000000008001ab0                VectorD8
 .text.sd_lld_init
                0x0000000008001bd0       0x20 build/obj/serial_lld.o
                0x0000000008001bd0                sd_lld_init
 .text.__early_init
                0x0000000008001bf0       0x10 build/obj/board.o
                0x0000000008001bf0                __early_init
 .text.boardInit
                0x0000000008001c00       0x10 build/obj/board.o
                0x0000000008001c00                boardInit
 .text.Thread1  0x0000000008001c10       0x40 build/obj/main.o
 .text.lcd_setio
                0x0000000008001c50       0x50 build/obj/main.o
                0x0000000008001c50                lcd_setio
 .text.lcd_pulsen
                0x0000000008001ca0       0x20 build/obj/main.o
                0x0000000008001ca0                lcd_pulsen
 .text.lcd_sendByte
                0x0000000008001cc0       0x30 build/obj/main.o
                0x0000000008001cc0                lcd_sendByte
 .text.lcd_init
                0x0000000008001cf0       0x90 build/obj/main.o
                0x0000000008001cf0                lcd_init
 .text.lcd_printf
                0x0000000008001d80       0x30 build/obj/main.o
                0x0000000008001d80                lcd_printf
 .text.startup.main
                0x0000000008001db0      0x110 build/obj/main.o
                0x0000000008001db0                main
 *(.rodata)
 *(.rodata.*)
 .rodata.str1.4
                0x0000000008001ec0        0x5 build/obj/chsys.o
                                          0x8 (size before relaxing)
 *fill*         0x0000000008001ec5        0xb 
 .rodata.ch_debug
                0x0000000008001ed0       0x18 build/obj/chregistry.o
                0x0000000008001ed0                ch_debug
 *fill*         0x0000000008001ee8        0x8 
 .rodata.vmt    0x0000000008001ef0       0x20 build/obj/serial.o
 .rodata._stm32_dma_streams
                0x0000000008001f10       0xc0 build/obj/stm32_dma.o
                0x0000000008001f10                _stm32_dma_streams
 .rodata.pal_default_config
                0x0000000008001fd0       0xa8 build/obj/board.o
                0x0000000008001fd0                pal_default_config
 *fill*         0x0000000008002078        0x8 
 .rodata.str1.4
                0x0000000008002080       0x18 build/obj/main.o
 *fill*         0x0000000008002098        0x8 
 .rodata.adcgrpcfg1
                0x00000000080020a0       0x28 build/obj/main.o
 *(.glue_7t)
 .glue_7t       0x0000000000000000        0x0 linker stubs
 *(.glue_7)
 .glue_7        0x0000000000000000        0x0 linker stubs
 *(.gcc*)

.vfp11_veneer   0x00000000080020c8        0x0
 .vfp11_veneer  0x0000000000000000        0x0 linker stubs

.v4_bx          0x00000000080020c8        0x0
 .v4_bx         0x0000000000000000        0x0 linker stubs

.iplt           0x00000000080020c8        0x0
 .iplt          0x0000000000000000        0x0 build/obj/crt0_v7m.o

.rel.dyn        0x00000000080020c8        0x0
 .rel.iplt      0x0000000000000000        0x0 build/obj/crt0_v7m.o

.ARM.extab
 *(.ARM.extab* .gnu.linkonce.armextab.*)

.ARM.exidx      0x00000000080020c8        0x0
                0x00000000080020c8                PROVIDE (__exidx_start, .)
 *(.ARM.exidx* .gnu.linkonce.armexidx.*)
                0x00000000080020c8                PROVIDE (__exidx_end, .)

.eh_frame_hdr
 *(.eh_frame_hdr)

.eh_frame
 *(.eh_frame)

.textalign      0x00000000080020c8        0x0
                0x00000000080020c8                . = ALIGN (0x8)
                0x00000000080020c8                . = ALIGN (0x4)
                0x00000000080020c8                _etext = .
                0x00000000080020c8                _textdata = _etext

.mstack         0x0000000020000000      0x400
                0x0000000020000000                . = ALIGN (0x8)
                0x0000000020000000                __main_stack_base__ = .
                0x0000000020000400                . = (. + __main_stack_size__)
 *fill*         0x0000000020000000      0x400 
                0x0000000020000400                . = ALIGN (0x8)
                0x0000000020000400                __main_stack_end__ = .

.pstack         0x0000000020000400      0x400
                0x0000000020000400                __process_stack_base__ = .
                0x0000000020000400                __main_thread_stack_base__ = .
                0x0000000020000800                . = (. + __process_stack_size__)
 *fill*         0x0000000020000400      0x400 
                0x0000000020000800                . = ALIGN (0x8)
                0x0000000020000800                __process_stack_end__ = .
                0x0000000020000800                __main_thread_stack_end__ = .

.data           0x0000000020000800        0x0 load address 0x00000000080020c8
                0x0000000020000800                . = ALIGN (0x4)
                0x0000000020000800                PROVIDE (_data, .)
 *(.data)
 *(.data.*)
 *(.ramtext)
                0x0000000020000800                . = ALIGN (0x4)
                0x0000000020000800                PROVIDE (_edata, .)

.igot.plt       0x0000000020000800        0x0 load address 0x00000000080020c8
 .igot.plt      0x0000000000000000        0x0 build/obj/crt0_v7m.o

.bss            0x0000000020000800      0x508 load address 0x00000000080020c8
                0x0000000020000800                . = ALIGN (0x4)
                0x0000000020000800                PROVIDE (_bss_start, .)
 *(.bss)
 *(.bss.*)
 .bss.ch        0x0000000020000800      0x1d8 build/obj/chschd.o
                0x0000000020000800                ch
 .bss.endmem    0x00000000200009d8        0x4 build/obj/chmemcore.o
 .bss.nextmem   0x00000000200009dc        0x4 build/obj/chmemcore.o
 .bss.default_heap
                0x00000000200009e0       0x20 build/obj/chheap.o
 .bss.dma_isr_redir
                0x0000000020000a00       0x80 build/obj/stm32_dma.o
 .bss.dma_streams_mask
                0x0000000020000a80        0x4 build/obj/stm32_dma.o
 .bss.ADCD1     0x0000000020000a84       0x34 build/obj/adc_lld.o
                0x0000000020000a84                ADCD1
 .bss.SD2       0x0000000020000ab8       0x78 build/obj/serial_lld.o
                0x0000000020000ab8                SD2
 .bss.waThread1
                0x0000000020000b30      0x1d0 build/obj/main.o
 .bss.samples1  0x0000000020000d00        0x8 build/obj/main.o
 *(COMMON)
                0x0000000020000d08                . = ALIGN (0x4)
                0x0000000020000d08                PROVIDE (_bss_end, .)
                0x0000000020000d08                PROVIDE (end, .)

.ram0           0x0000000020000d08        0x0 load address 0x00000000080020c8
                0x0000000020000d08                . = ALIGN (0x4)
 *(.ram0)
 *(.ram0.*)
                0x0000000020000d08                . = ALIGN (0x4)
                0x0000000020000d08                __ram0_free__ = .

.ram1           0x0000000000000000        0x0
                0x0000000000000000                . = ALIGN (0x4)
 *(.ram1)
 *(.ram1.*)
                0x0000000000000000                . = ALIGN (0x4)
                0x0000000000000000                __ram1_free__ = .

.ram2           0x0000000000000000        0x0
                0x0000000000000000                . = ALIGN (0x4)
 *(.ram2)
 *(.ram2.*)
                0x0000000000000000                . = ALIGN (0x4)
                0x0000000000000000                __ram2_free__ = .

.ram3           0x0000000000000000        0x0
                0x0000000000000000                . = ALIGN (0x4)
 *(.ram3)
 *(.ram3.*)
                0x0000000000000000                . = ALIGN (0x4)
                0x0000000000000000                __ram3_free__ = .

.ram4           0x0000000000000000        0x0
                0x0000000000000000                . = ALIGN (0x4)
 *(.ram4)
 *(.ram4.*)
                0x0000000000000000                . = ALIGN (0x4)
                0x0000000000000000                __ram4_free__ = .

.ram5           0x0000000000000000        0x0
                0x0000000000000000                . = ALIGN (0x4)
 *(.ram5)
 *(.ram5.*)
                0x0000000000000000                . = ALIGN (0x4)
                0x0000000000000000                __ram5_free__ = .

.ram6           0x0000000000000000        0x0
                0x0000000000000000                . = ALIGN (0x4)
 *(.ram6)
 *(.ram6.*)
                0x0000000000000000                . = ALIGN (0x4)
                0x0000000000000000                __ram6_free__ = .

.ram7           0x0000000000000000        0x0
                0x0000000000000000                . = ALIGN (0x4)
 *(.ram7)
 *(.ram7.*)
                0x0000000000000000                . = ALIGN (0x4)
                0x0000000000000000                __ram7_free__ = .
                0x0000000020000d08                __heap_base__ = __ram0_free__
                0x0000000020010000                __heap_end__ = __ram0_end__
                0x0000000000000400                __process_stack_size__ = 0x400
                0x0000000000000400                __main_stack_size__ = 0x400
START GROUP
LOAD /usr/lib/gcc/arm-none-eabi/5.2.0/armv7e-m/fpu/libgcc.a
LOAD /usr/lib/gcc/arm-none-eabi/5.2.0/../../../../arm-none-eabi/lib/armv7e-m/fpu/libg.a
LOAD /usr/lib/gcc/arm-none-eabi/5.2.0/../../../../arm-none-eabi/lib/armv7e-m/fpu/libc.a
END GROUP
OUTPUT(build/ch.elf elf32-littlearm)

.ARM.attributes
                0x0000000000000000       0x35
 .ARM.attributes
                0x0000000000000000       0x25 build/obj/crt0_v7m.o
 .ARM.attributes
                0x0000000000000025       0x25 build/obj/chcoreasm_v7m.o
 .ARM.attributes
                0x000000000000004a       0x39 build/obj/crt1.o
 .ARM.attributes
                0x0000000000000083       0x39 build/obj/vectors.o
 .ARM.attributes
                0x00000000000000bc       0x39 build/obj/chsys.o
 .ARM.attributes
                0x00000000000000f5       0x39 build/obj/chvt.o
 .ARM.attributes
                0x000000000000012e       0x39 build/obj/chschd.o
 .ARM.attributes
                0x0000000000000167       0x39 build/obj/chthreads.o
 .ARM.attributes
                0x00000000000001a0       0x39 build/obj/chtm.o
 .ARM.attributes
                0x00000000000001d9       0x39 build/obj/chregistry.o
 .ARM.attributes
                0x0000000000000212       0x39 build/obj/chmtx.o
 .ARM.attributes
                0x000000000000024b       0x39 build/obj/chevents.o
 .ARM.attributes
                0x0000000000000284       0x39 build/obj/chqueues.o
 .ARM.attributes
                0x00000000000002bd       0x39 build/obj/chmemcore.o
 .ARM.attributes
                0x00000000000002f6       0x39 build/obj/chheap.o
 .ARM.attributes
                0x000000000000032f       0x39 build/obj/chcore_v7m.o
 .ARM.attributes
                0x0000000000000368       0x39 build/obj/hal.o
 .ARM.attributes
                0x00000000000003a1       0x39 build/obj/st.o
 .ARM.attributes
                0x00000000000003da       0x39 build/obj/adc.o
 .ARM.attributes
                0x0000000000000413       0x39 build/obj/serial.o
 .ARM.attributes
                0x000000000000044c       0x39 build/obj/nvic.o
 .ARM.attributes
                0x0000000000000485       0x39 build/obj/stm32_dma.o
 .ARM.attributes
                0x00000000000004be       0x39 build/obj/hal_lld.o
 .ARM.attributes
                0x00000000000004f7       0x39 build/obj/st_lld.o
 .ARM.attributes
                0x0000000000000530       0x39 build/obj/adc_lld.o
 .ARM.attributes
                0x0000000000000569       0x39 build/obj/pal_lld.o
 .ARM.attributes
                0x00000000000005a2       0x39 build/obj/serial_lld.o
 .ARM.attributes
                0x00000000000005db       0x39 build/obj/board.o
 .ARM.attributes
                0x0000000000000614       0x39 build/obj/main.o

.comment        0x0000000000000000       0x21
 .comment       0x0000000000000000       0x21 build/obj/crt1.o
                                         0x22 (size before relaxing)
 .comment       0x0000000000000000       0x22 build/obj/vectors.o
 .comment       0x0000000000000000       0x22 build/obj/chsys.o
 .comment       0x0000000000000000       0x22 build/obj/chvt.o
 .comment       0x0000000000000000       0x22 build/obj/chschd.o
 .comment       0x0000000000000000       0x22 build/obj/chthreads.o
 .comment       0x0000000000000000       0x22 build/obj/chtm.o
 .comment       0x0000000000000000       0x22 build/obj/chregistry.o
 .comment       0x0000000000000000       0x22 build/obj/chmtx.o
 .comment       0x0000000000000000       0x22 build/obj/chevents.o
 .comment       0x0000000000000000       0x22 build/obj/chqueues.o
 .comment       0x0000000000000000       0x22 build/obj/chmemcore.o
 .comment       0x0000000000000000       0x22 build/obj/chheap.o
 .comment       0x0000000000000000       0x22 build/obj/chcore_v7m.o
 .comment       0x0000000000000000       0x22 build/obj/hal.o
 .comment       0x0000000000000000       0x22 build/obj/st.o
 .comment       0x0000000000000000       0x22 build/obj/adc.o
 .comment       0x0000000000000000       0x22 build/obj/serial.o
 .comment       0x0000000000000000       0x22 build/obj/nvic.o
 .comment       0x0000000000000000       0x22 build/obj/stm32_dma.o
 .comment       0x0000000000000000       0x22 build/obj/hal_lld.o
 .comment       0x0000000000000000       0x22 build/obj/st_lld.o
 .comment       0x0000000000000000       0x22 build/obj/adc_lld.o
 .comment       0x0000000000000000       0x22 build/obj/pal_lld.o
 .comment       0x0000000000000000       0x22 build/obj/serial_lld.o
 .comment       0x0000000000000000       0x22 build/obj/board.o
 .comment       0x0000000000000000       0x22 build/obj/main.o

.debug_info     0x0000000000000000    0x1801f
 .debug_info    0x0000000000000000       0x4e build/obj/crt1.o
 .debug_info    0x000000000000004e      0x1e7 build/obj/vectors.o
 .debug_info    0x0000000000000235     0x1936 build/obj/chsys.o
 .debug_info    0x0000000000001b6b      0xac0 build/obj/chvt.o
 .debug_info    0x000000000000262b      0xe2f build/obj/chschd.o
 .debug_info    0x000000000000345a     0x1c97 build/obj/chthreads.o
 .debug_info    0x00000000000050f1      0xa87 build/obj/chtm.o
 .debug_info    0x0000000000005b78      0xa39 build/obj/chregistry.o
 .debug_info    0x00000000000065b1     0x10ae build/obj/chmtx.o
 .debug_info    0x000000000000765f     0x1669 build/obj/chevents.o
 .debug_info    0x0000000000008cc8     0x117f build/obj/chqueues.o
 .debug_info    0x0000000000009e47      0x926 build/obj/chmemcore.o
 .debug_info    0x000000000000a76d      0xa7c build/obj/chheap.o
 .debug_info    0x000000000000b1e9      0xc9f build/obj/chcore_v7m.o
 .debug_info    0x000000000000be88      0x877 build/obj/hal.o
 .debug_info    0x000000000000c6ff      0x9c8 build/obj/st.o
 .debug_info    0x000000000000d0c7     0x15a7 build/obj/adc.o
 .debug_info    0x000000000000e66e     0x14e8 build/obj/serial.o
 .debug_info    0x000000000000fb56      0xa9c build/obj/nvic.o
 .debug_info    0x00000000000105f2     0x1001 build/obj/stm32_dma.o
 .debug_info    0x00000000000115f3      0x9c4 build/obj/hal_lld.o
 .debug_info    0x0000000000011fb7      0xbe5 build/obj/st_lld.o
 .debug_info    0x0000000000012b9c     0x15cd build/obj/adc_lld.o
 .debug_info    0x0000000000014169      0xca1 build/obj/pal_lld.o
 .debug_info    0x0000000000014e0a     0x1503 build/obj/serial_lld.o
 .debug_info    0x000000000001630d      0x828 build/obj/board.o
 .debug_info    0x0000000000016b35     0x14ea build/obj/main.o

.debug_abbrev   0x0000000000000000     0x48af
 .debug_abbrev  0x0000000000000000       0x50 build/obj/crt1.o
 .debug_abbrev  0x0000000000000050       0xca build/obj/vectors.o
 .debug_abbrev  0x000000000000011a      0x55a build/obj/chsys.o
 .debug_abbrev  0x0000000000000674      0x290 build/obj/chvt.o
 .debug_abbrev  0x0000000000000904      0x3be build/obj/chschd.o
 .debug_abbrev  0x0000000000000cc2      0x48c build/obj/chthreads.o
 .debug_abbrev  0x000000000000114e      0x27e build/obj/chtm.o
 .debug_abbrev  0x00000000000013cc      0x238 build/obj/chregistry.o
 .debug_abbrev  0x0000000000001604      0x3a4 build/obj/chmtx.o
 .debug_abbrev  0x00000000000019a8      0x37d build/obj/chevents.o
 .debug_abbrev  0x0000000000001d25      0x3cb build/obj/chqueues.o
 .debug_abbrev  0x00000000000020f0      0x282 build/obj/chmemcore.o
 .debug_abbrev  0x0000000000002372      0x27f build/obj/chheap.o
 .debug_abbrev  0x00000000000025f1      0x22f build/obj/chcore_v7m.o
 .debug_abbrev  0x0000000000002820      0x18d build/obj/hal.o
 .debug_abbrev  0x00000000000029ad      0x217 build/obj/st.o
 .debug_abbrev  0x0000000000002bc4      0x35c build/obj/adc.o
 .debug_abbrev  0x0000000000002f20      0x35e build/obj/serial.o
 .debug_abbrev  0x000000000000327e      0x1ba build/obj/nvic.o
 .debug_abbrev  0x0000000000003438      0x270 build/obj/stm32_dma.o
 .debug_abbrev  0x00000000000036a8      0x1c3 build/obj/hal_lld.o
 .debug_abbrev  0x000000000000386b      0x208 build/obj/st_lld.o
 .debug_abbrev  0x0000000000003a73      0x39a build/obj/adc_lld.o
 .debug_abbrev  0x0000000000003e0d      0x20c build/obj/pal_lld.o
 .debug_abbrev  0x0000000000004019      0x368 build/obj/serial_lld.o
 .debug_abbrev  0x0000000000004381      0x18b build/obj/board.o
 .debug_abbrev  0x000000000000450c      0x3a3 build/obj/main.o

.debug_aranges  0x0000000000000000      0x868
 .debug_aranges
                0x0000000000000000       0x28 build/obj/crt1.o
 .debug_aranges
                0x0000000000000028       0x20 build/obj/vectors.o
 .debug_aranges
                0x0000000000000048       0x60 build/obj/chsys.o
 .debug_aranges
                0x00000000000000a8       0x30 build/obj/chvt.o
 .debug_aranges
                0x00000000000000d8       0x70 build/obj/chschd.o
 .debug_aranges
                0x0000000000000148       0xc0 build/obj/chthreads.o
 .debug_aranges
                0x0000000000000208       0x40 build/obj/chtm.o
 .debug_aranges
                0x0000000000000248       0x28 build/obj/chregistry.o
 .debug_aranges
                0x0000000000000270       0x58 build/obj/chmtx.o
 .debug_aranges
                0x00000000000002c8       0xa0 build/obj/chevents.o
 .debug_aranges
                0x0000000000000368       0x68 build/obj/chqueues.o
 .debug_aranges
                0x00000000000003d0       0x38 build/obj/chmemcore.o
 .debug_aranges
                0x0000000000000408       0x40 build/obj/chheap.o
 .debug_aranges
                0x0000000000000448       0x28 build/obj/chcore_v7m.o
 .debug_aranges
                0x0000000000000470       0x20 build/obj/hal.o
 .debug_aranges
                0x0000000000000490       0x40 build/obj/st.o
 .debug_aranges
                0x00000000000004d0       0x70 build/obj/adc.o
 .debug_aranges
                0x0000000000000540       0x88 build/obj/serial.o
 .debug_aranges
                0x00000000000005c8       0x38 build/obj/nvic.o
 .debug_aranges
                0x0000000000000600       0xb0 build/obj/stm32_dma.o
 .debug_aranges
                0x00000000000006b0       0x28 build/obj/hal_lld.o
 .debug_aranges
                0x00000000000006d8       0x28 build/obj/st_lld.o
 .debug_aranges
                0x0000000000000700       0x70 build/obj/adc_lld.o
 .debug_aranges
                0x0000000000000770       0x28 build/obj/pal_lld.o
 .debug_aranges
                0x0000000000000798       0x40 build/obj/serial_lld.o
 .debug_aranges
                0x00000000000007d8       0x28 build/obj/board.o
 .debug_aranges
                0x0000000000000800       0x68 build/obj/main.o

.debug_ranges   0x0000000000000000     0x1160
 .debug_ranges  0x0000000000000000       0x18 build/obj/crt1.o
 .debug_ranges  0x0000000000000018       0x10 build/obj/vectors.o
 .debug_ranges  0x0000000000000028      0x190 build/obj/chsys.o
 .debug_ranges  0x00000000000001b8       0xb0 build/obj/chvt.o
 .debug_ranges  0x0000000000000268      0x1a8 build/obj/chschd.o
 .debug_ranges  0x0000000000000410      0x208 build/obj/chthreads.o
 .debug_ranges  0x0000000000000618       0xc0 build/obj/chtm.o
 .debug_ranges  0x00000000000006d8       0x18 build/obj/chregistry.o
 .debug_ranges  0x00000000000006f0      0x178 build/obj/chmtx.o
 .debug_ranges  0x0000000000000868       0xd8 build/obj/chevents.o
 .debug_ranges  0x0000000000000940      0x120 build/obj/chqueues.o
 .debug_ranges  0x0000000000000a60       0x28 build/obj/chmemcore.o
 .debug_ranges  0x0000000000000a88       0x30 build/obj/chheap.o
 .debug_ranges  0x0000000000000ab8       0x18 build/obj/chcore_v7m.o
 .debug_ranges  0x0000000000000ad0       0x10 build/obj/hal.o
 .debug_ranges  0x0000000000000ae0       0x30 build/obj/st.o
 .debug_ranges  0x0000000000000b10       0xc0 build/obj/adc.o
 .debug_ranges  0x0000000000000bd0       0xc0 build/obj/serial.o
 .debug_ranges  0x0000000000000c90       0x28 build/obj/nvic.o
 .debug_ranges  0x0000000000000cb8       0xa0 build/obj/stm32_dma.o
 .debug_ranges  0x0000000000000d58       0x38 build/obj/hal_lld.o
 .debug_ranges  0x0000000000000d90       0x18 build/obj/st_lld.o
 .debug_ranges  0x0000000000000da8       0xc8 build/obj/adc_lld.o
 .debug_ranges  0x0000000000000e70       0xc0 build/obj/pal_lld.o
 .debug_ranges  0x0000000000000f30       0xd8 build/obj/serial_lld.o
 .debug_ranges  0x0000000000001008       0x18 build/obj/board.o
 .debug_ranges  0x0000000000001020      0x140 build/obj/main.o

.debug_line     0x0000000000000000     0x55a4
 .debug_line    0x0000000000000000       0x71 build/obj/crt1.o
 .debug_line    0x0000000000000071       0xec build/obj/vectors.o
 .debug_line    0x000000000000015d      0x4b5 build/obj/chsys.o
 .debug_line    0x0000000000000612      0x2dd build/obj/chvt.o
 .debug_line    0x00000000000008ef      0x425 build/obj/chschd.o
 .debug_line    0x0000000000000d14      0x677 build/obj/chthreads.o
 .debug_line    0x000000000000138b      0x263 build/obj/chtm.o
 .debug_line    0x00000000000015ee      0x243 build/obj/chregistry.o
 .debug_line    0x0000000000001831      0x40d build/obj/chmtx.o
 .debug_line    0x0000000000001c3e      0x48e build/obj/chevents.o
 .debug_line    0x00000000000020cc      0x413 build/obj/chqueues.o
 .debug_line    0x00000000000024df      0x23b build/obj/chmemcore.o
 .debug_line    0x000000000000271a      0x2a1 build/obj/chheap.o
 .debug_line    0x00000000000029bb      0x1e6 build/obj/chcore_v7m.o
 .debug_line    0x0000000000002ba1      0x27c build/obj/hal.o
 .debug_line    0x0000000000002e1d      0x224 build/obj/st.o
 .debug_line    0x0000000000003041      0x410 build/obj/adc.o
 .debug_line    0x0000000000003451      0x3f5 build/obj/serial.o
 .debug_line    0x0000000000003846      0x1d8 build/obj/nvic.o
 .debug_line    0x0000000000003a1e      0x464 build/obj/stm32_dma.o
 .debug_line    0x0000000000003e82      0x281 build/obj/hal_lld.o
 .debug_line    0x0000000000004103      0x28c build/obj/st_lld.o
 .debug_line    0x000000000000438f      0x52a build/obj/adc_lld.o
 .debug_line    0x00000000000048b9      0x251 build/obj/pal_lld.o
 .debug_line    0x0000000000004b0a      0x3e2 build/obj/serial_lld.o
 .debug_line    0x0000000000004eec      0x24b build/obj/board.o
 .debug_line    0x0000000000005137      0x46d build/obj/main.o

.debug_str      0x0000000000000000     0x2833
 .debug_str     0x0000000000000000      0x16d build/obj/crt1.o
 .debug_str     0x000000000000016d      0x1d2 build/obj/vectors.o
                                        0x33f (size before relaxing)
 .debug_str     0x000000000000033f      0xd35 build/obj/chsys.o
                                        0xf73 (size before relaxing)
 .debug_str     0x0000000000001074       0x69 build/obj/chvt.o
                                        0x682 (size before relaxing)
 .debug_str     0x00000000000010dd      0x13e build/obj/chschd.o
                                        0x745 (size before relaxing)
 .debug_str     0x000000000000121b      0x20c build/obj/chthreads.o
                                        0x8e4 (size before relaxing)
 .debug_str     0x0000000000001427       0xb9 build/obj/chtm.o
                                        0x6d6 (size before relaxing)
 .debug_str     0x00000000000014e0       0x3e build/obj/chregistry.o
                                        0x6e2 (size before relaxing)
 .debug_str     0x000000000000151e       0xa6 build/obj/chmtx.o
                                        0x6b3 (size before relaxing)
 .debug_str     0x00000000000015c4      0x1ed build/obj/chevents.o
                                        0x7d3 (size before relaxing)
 .debug_str     0x00000000000017b1      0x16f build/obj/chqueues.o
                                        0x75e (size before relaxing)
 .debug_str     0x0000000000001920       0x70 build/obj/chmemcore.o
                                        0x614 (size before relaxing)
 .debug_str     0x0000000000001990       0xb8 build/obj/chheap.o
                                        0x64c (size before relaxing)
 .debug_str     0x0000000000001a48       0xc8 build/obj/chcore_v7m.o
                                        0x6dd (size before relaxing)
 .debug_str     0x0000000000001b10       0xe2 build/obj/hal.o
                                        0x62c (size before relaxing)
 .debug_str     0x0000000000001bf2       0x7c build/obj/st.o
                                        0x63b (size before relaxing)
 .debug_str     0x0000000000001c6e      0x385 build/obj/adc.o
                                        0x9a3 (size before relaxing)
 .debug_str     0x0000000000001ff3      0x178 build/obj/serial.o
                                        0x91f (size before relaxing)
 .debug_str     0x000000000000216b       0x79 build/obj/nvic.o
                                        0x690 (size before relaxing)
 .debug_str     0x00000000000021e4      0x233 build/obj/stm32_dma.o
                                        0xc0a (size before relaxing)
 .debug_str     0x0000000000002417       0x98 build/obj/hal_lld.o
                                        0x6ff (size before relaxing)
 .debug_str     0x00000000000024af       0x95 build/obj/st_lld.o
                                        0x7d0 (size before relaxing)
 .debug_str     0x0000000000002544       0xd0 build/obj/adc_lld.o
                                        0xe78 (size before relaxing)
 .debug_str     0x0000000000002614       0xc9 build/obj/pal_lld.o
                                        0x7ae (size before relaxing)
 .debug_str     0x00000000000026dd       0x75 build/obj/serial_lld.o
                                        0x9f6 (size before relaxing)
 .debug_str     0x0000000000002752       0x41 build/obj/board.o
                                        0x62c (size before relaxing)
 .debug_str     0x0000000000002793       0xa0 build/obj/main.o
                                        0x93c (size before relaxing)

.debug_frame    0x0000000000000000     0x16e8
 .debug_frame   0x0000000000000000       0x40 build/obj/crt1.o
 .debug_frame   0x0000000000000040       0x20 build/obj/vectors.o
 .debug_frame   0x0000000000000060      0x118 build/obj/chsys.o
 .debug_frame   0x0000000000000178       0x84 build/obj/chvt.o
 .debug_frame   0x00000000000001fc      0x14c build/obj/chschd.o
 .debug_frame   0x0000000000000348      0x258 build/obj/chthreads.o
 .debug_frame   0x00000000000005a0       0xc8 build/obj/chtm.o
 .debug_frame   0x0000000000000668       0x3c build/obj/chregistry.o
 .debug_frame   0x00000000000006a4       0xf8 build/obj/chmtx.o
 .debug_frame   0x000000000000079c      0x1dc build/obj/chevents.o
 .debug_frame   0x0000000000000978      0x168 build/obj/chqueues.o
 .debug_frame   0x0000000000000ae0       0x68 build/obj/chmemcore.o
 .debug_frame   0x0000000000000b48       0xc0 build/obj/chheap.o
 .debug_frame   0x0000000000000c08       0x3c build/obj/chcore_v7m.o
 .debug_frame   0x0000000000000c44       0x30 build/obj/hal.o
 .debug_frame   0x0000000000000c74       0x60 build/obj/st.o
 .debug_frame   0x0000000000000cd4      0x128 build/obj/adc.o
 .debug_frame   0x0000000000000dfc      0x14c build/obj/serial.o
 .debug_frame   0x0000000000000f48       0x68 build/obj/nvic.o
 .debug_frame   0x0000000000000fb0      0x270 build/obj/stm32_dma.o
 .debug_frame   0x0000000000001220       0x3c build/obj/hal_lld.o
 .debug_frame   0x000000000000125c       0x58 build/obj/st_lld.o
 .debug_frame   0x00000000000012b4      0x17c build/obj/adc_lld.o
 .debug_frame   0x0000000000001430       0x6c build/obj/pal_lld.o
 .debug_frame   0x000000000000149c       0xa8 build/obj/serial_lld.o
 .debug_frame   0x0000000000001544       0x30 build/obj/board.o
 .debug_frame   0x0000000000001574      0x174 build/obj/main.o

.debug_loc      0x0000000000000000     0x4471
 .debug_loc     0x0000000000000000      0x319 build/obj/chsys.o
 .debug_loc     0x0000000000000319      0x28f build/obj/chvt.o
 .debug_loc     0x00000000000005a8      0x333 build/obj/chschd.o
 .debug_loc     0x00000000000008db      0xa68 build/obj/chthreads.o
 .debug_loc     0x0000000000001343       0x99 build/obj/chtm.o
 .debug_loc     0x00000000000013dc       0x3f build/obj/chregistry.o
 .debug_loc     0x000000000000141b      0x5f5 build/obj/chmtx.o
 .debug_loc     0x0000000000001a10      0x659 build/obj/chevents.o
 .debug_loc     0x0000000000002069      0x5ec build/obj/chqueues.o
 .debug_loc     0x0000000000002655       0xb0 build/obj/chmemcore.o
 .debug_loc     0x0000000000002705      0x3a8 build/obj/chheap.o
 .debug_loc     0x0000000000002aad       0xc7 build/obj/chcore_v7m.o
 .debug_loc     0x0000000000002b74      0x4e5 build/obj/adc.o
 .debug_loc     0x0000000000003059      0x5e2 build/obj/serial.o
 .debug_loc     0x000000000000363b       0xee build/obj/nvic.o
 .debug_loc     0x0000000000003729      0x276 build/obj/stm32_dma.o
 .debug_loc     0x000000000000399f      0x47e build/obj/adc_lld.o
 .debug_loc     0x0000000000003e1d      0x129 build/obj/pal_lld.o
 .debug_loc     0x0000000000003f46      0x3c8 build/obj/serial_lld.o
 .debug_loc     0x000000000000430e      0x163 build/obj/main.o

Cross Reference Table

Symbol                                            File
ADCD1                                             build/obj/adc_lld.o
                                                  build/obj/main.o
BusFault_Handler                                  build/obj/vectors.o
DebugMon_Handler                                  build/obj/vectors.o
HardFault_Handler                                 build/obj/vectors.o
MemManage_Handler                                 build/obj/vectors.o
NMI_Handler                                       build/obj/vectors.o
PendSV_Handler                                    build/obj/vectors.o
Reset_Handler                                     build/obj/crt0_v7m.o
SD2                                               build/obj/serial_lld.o
SVC_Handler                                       build/obj/chcore_v7m.o
                                                  build/obj/vectors.o
SysTick_Handler                                   build/obj/vectors.o
SystemCoreClock                                   build/obj/hal_lld.o
TestThread                                        build/obj/test.o
UsageFault_Handler                                build/obj/vectors.o
Vector100                                         build/obj/vectors.o
Vector104                                         build/obj/vectors.o
Vector108                                         build/obj/vectors.o
Vector10C                                         build/obj/vectors.o
Vector110                                         build/obj/vectors.o
Vector114                                         build/obj/vectors.o
Vector118                                         build/obj/vectors.o
Vector11C                                         build/obj/vectors.o
Vector120                                         build/obj/stm32_dma.o
                                                  build/obj/vectors.o
Vector124                                         build/obj/stm32_dma.o
                                                  build/obj/vectors.o
Vector128                                         build/obj/stm32_dma.o
                                                  build/obj/vectors.o
Vector12C                                         build/obj/stm32_dma.o
                                                  build/obj/vectors.o
Vector130                                         build/obj/stm32_dma.o
                                                  build/obj/vectors.o
Vector134                                         build/obj/vectors.o
Vector138                                         build/obj/vectors.o
Vector13C                                         build/obj/vectors.o
Vector140                                         build/obj/vectors.o
Vector144                                         build/obj/vectors.o
Vector148                                         build/obj/vectors.o
Vector14C                                         build/obj/vectors.o
Vector150                                         build/obj/stm32_dma.o
                                                  build/obj/vectors.o
Vector154                                         build/obj/stm32_dma.o
                                                  build/obj/vectors.o
Vector158                                         build/obj/stm32_dma.o
                                                  build/obj/vectors.o
Vector15C                                         build/obj/vectors.o
Vector160                                         build/obj/vectors.o
Vector164                                         build/obj/vectors.o
Vector168                                         build/obj/vectors.o
Vector16C                                         build/obj/vectors.o
Vector170                                         build/obj/vectors.o
Vector174                                         build/obj/vectors.o
Vector178                                         build/obj/vectors.o
Vector17C                                         build/obj/vectors.o
Vector180                                         build/obj/vectors.o
Vector184                                         build/obj/vectors.o
Vector188                                         build/obj/vectors.o
Vector18C                                         build/obj/vectors.o
Vector190                                         build/obj/vectors.o
Vector194                                         build/obj/vectors.o
Vector198                                         build/obj/vectors.o
Vector19C                                         build/obj/vectors.o
Vector1A0                                         build/obj/vectors.o
Vector1A4                                         build/obj/vectors.o
Vector1A8                                         build/obj/vectors.o
Vector1AC                                         build/obj/vectors.o
Vector1B0                                         build/obj/vectors.o
Vector1B4                                         build/obj/vectors.o
Vector1B8                                         build/obj/vectors.o
Vector1BC                                         build/obj/vectors.o
Vector1C                                          build/obj/vectors.o
Vector20                                          build/obj/vectors.o
Vector24                                          build/obj/vectors.o
Vector28                                          build/obj/vectors.o
Vector34                                          build/obj/vectors.o
Vector40                                          build/obj/vectors.o
Vector44                                          build/obj/vectors.o
Vector48                                          build/obj/vectors.o
Vector4C                                          build/obj/vectors.o
Vector50                                          build/obj/vectors.o
Vector54                                          build/obj/vectors.o
Vector58                                          build/obj/vectors.o
Vector5C                                          build/obj/vectors.o
Vector60                                          build/obj/vectors.o
Vector64                                          build/obj/vectors.o
Vector68                                          build/obj/vectors.o
Vector6C                                          build/obj/stm32_dma.o
                                                  build/obj/vectors.o
Vector70                                          build/obj/stm32_dma.o
                                                  build/obj/vectors.o
Vector74                                          build/obj/stm32_dma.o
                                                  build/obj/vectors.o
Vector78                                          build/obj/stm32_dma.o
                                                  build/obj/vectors.o
Vector7C                                          build/obj/stm32_dma.o
                                                  build/obj/vectors.o
Vector80                                          build/obj/stm32_dma.o
                                                  build/obj/vectors.o
Vector84                                          build/obj/stm32_dma.o
                                                  build/obj/vectors.o
Vector88                                          build/obj/adc_lld.o
                                                  build/obj/vectors.o
Vector8C                                          build/obj/vectors.o
Vector90                                          build/obj/vectors.o
Vector94                                          build/obj/vectors.o
Vector98                                          build/obj/vectors.o
Vector9C                                          build/obj/vectors.o
VectorA0                                          build/obj/vectors.o
VectorA4                                          build/obj/vectors.o
VectorA8                                          build/obj/vectors.o
VectorAC                                          build/obj/vectors.o
VectorB0                                          build/obj/st_lld.o
                                                  build/obj/vectors.o
VectorB4                                          build/obj/vectors.o
VectorB8                                          build/obj/vectors.o
VectorBC                                          build/obj/vectors.o
VectorC0                                          build/obj/vectors.o
VectorC4                                          build/obj/vectors.o
VectorC8                                          build/obj/vectors.o
VectorCC                                          build/obj/vectors.o
VectorD0                                          build/obj/vectors.o
VectorD4                                          build/obj/vectors.o
VectorD8                                          build/obj/serial_lld.o
                                                  build/obj/vectors.o
VectorDC                                          build/obj/vectors.o
VectorE0                                          build/obj/vectors.o
VectorE4                                          build/obj/vectors.o
VectorE8                                          build/obj/vectors.o
VectorEC                                          build/obj/vectors.o
VectorF0                                          build/obj/vectors.o
VectorF4                                          build/obj/vectors.o
VectorF8                                          build/obj/vectors.o
VectorFC                                          build/obj/stm32_dma.o
                                                  build/obj/vectors.o
__default_exit                                    build/obj/crt1.o
                                                  build/obj/crt0_v7m.o
__early_init                                      build/obj/board.o
                                                  build/obj/crt1.o
                                                  build/obj/crt0_v7m.o
__fini_array_end                                  build/obj/crt0_v7m.o
__fini_array_start                                build/obj/crt0_v7m.o
__heap_base__                                     build/obj/chmemcore.o
__heap_end__                                      build/obj/chmemcore.o
__init_array_end                                  build/obj/crt0_v7m.o
__init_array_start                                build/obj/crt0_v7m.o
__late_init                                       build/obj/crt1.o
                                                  build/obj/crt0_v7m.o
__main_stack_base__                               build/obj/crt0_v7m.o
__main_stack_end__                                build/obj/vectors.o
                                                  build/obj/crt0_v7m.o
__process_stack_base__                            build/obj/crt0_v7m.o
__process_stack_end__                             build/obj/crt0_v7m.o
_bss_end                                          build/obj/crt0_v7m.o
_bss_start                                        build/obj/crt0_v7m.o
_core_init                                        build/obj/chmemcore.o
                                                  build/obj/chsys.o
_data                                             build/obj/crt0_v7m.o
_edata                                            build/obj/crt0_v7m.o
_heap_init                                        build/obj/chheap.o
                                                  build/obj/chsys.o
_pal_lld_init                                     build/obj/pal_lld.o
                                                  build/obj/hal.o
_pal_lld_setgroupmode                             build/obj/pal_lld.o
                                                  build/obj/main.o
                                                  build/obj/pal.o
_port_exit_from_isr                               build/obj/chcoreasm_v7m.o
                                                  build/obj/chcore_v7m.o
_port_irq_epilogue                                build/obj/chcore_v7m.o
                                                  build/obj/serial_lld.o
                                                  build/obj/adc_lld.o
                                                  build/obj/st_lld.o
                                                  build/obj/stm32_dma.o
_port_switch                                      build/obj/chcoreasm_v7m.o
                                                  build/obj/chschd.o
_port_switch_from_isr                             build/obj/chcoreasm_v7m.o
                                                  build/obj/chcore_v7m.o
_port_thread_start                                build/obj/chcoreasm_v7m.o
                                                  build/obj/chthreads.o
_scheduler_init                                   build/obj/chschd.o
                                                  build/obj/chsys.o
_stm32_dma_streams                                build/obj/stm32_dma.o
                                                  build/obj/adc_lld.o
_test_assert                                      build/obj/test.o
                                                  build/obj/testsys.o
                                                  build/obj/testqueues.o
                                                  build/obj/testdyn.o
                                                  build/obj/testpools.o
                                                  build/obj/testheap.o
                                                  build/obj/testevt.o
                                                  build/obj/testmbox.o
                                                  build/obj/testmtx.o
                                                  build/obj/testsem.o
                                                  build/obj/testthd.o
_test_assert_sequence                             build/obj/test.o
                                                  build/obj/testqueues.o
                                                  build/obj/testdyn.o
                                                  build/obj/testevt.o
                                                  build/obj/testmbox.o
                                                  build/obj/testmsg.o
                                                  build/obj/testmtx.o
                                                  build/obj/testsem.o
                                                  build/obj/testthd.o
_test_assert_time_window                          build/obj/test.o
                                                  build/obj/testevt.o
                                                  build/obj/testsem.o
                                                  build/obj/testthd.o
_test_fail                                        build/obj/test.o
_textdata                                         build/obj/crt0_v7m.o
_thread_init                                      build/obj/chthreads.o
                                                  build/obj/chsys.o
_tm_init                                          build/obj/chtm.o
                                                  build/obj/chsys.o
_unhandled_exception                              build/obj/vectors.o
_vectors                                          build/obj/vectors.o
_vt_init                                          build/obj/chvt.o
                                                  build/obj/chsys.o
adcAcquireBus                                     build/obj/adc.o
adcConvert                                        build/obj/adc.o
                                                  build/obj/main.o
adcInit                                           build/obj/adc.o
                                                  build/obj/hal.o
adcObjectInit                                     build/obj/adc.o
                                                  build/obj/adc_lld.o
adcReleaseBus                                     build/obj/adc.o
adcSTM32DisableTSVREFE                            build/obj/adc_lld.o
adcSTM32DisableVBATE                              build/obj/adc_lld.o
adcSTM32EnableTSVREFE                             build/obj/adc_lld.o
                                                  build/obj/main.o
adcSTM32EnableVBATE                               build/obj/adc_lld.o
adcStart                                          build/obj/adc.o
                                                  build/obj/main.o
adcStartConversion                                build/obj/adc.o
adcStartConversionI                               build/obj/adc.o
adcStop                                           build/obj/adc.o
adcStopConversion                                 build/obj/adc.o
adcStopConversionI                                build/obj/adc.o
adc_lld_init                                      build/obj/adc_lld.o
                                                  build/obj/adc.o
adc_lld_start                                     build/obj/adc_lld.o
                                                  build/obj/adc.o
adc_lld_start_conversion                          build/obj/adc_lld.o
                                                  build/obj/adc.o
adc_lld_stop                                      build/obj/adc_lld.o
                                                  build/obj/adc.o
adc_lld_stop_conversion                           build/obj/adc_lld.o
                                                  build/obj/adc.o
boardInit                                         build/obj/board.o
                                                  build/obj/hal.o
ch                                                build/obj/chschd.o
                                                  build/obj/main.o
                                                  build/obj/testbmk.o
                                                  build/obj/testqueues.o
                                                  build/obj/testdyn.o
                                                  build/obj/testevt.o
                                                  build/obj/testmsg.o
                                                  build/obj/testmtx.o
                                                  build/obj/testsem.o
                                                  build/obj/testthd.o
                                                  build/obj/chmsg.o
                                                  build/obj/chevents.o
                                                  build/obj/chcond.o
                                                  build/obj/chmtx.o
                                                  build/obj/chsem.o
                                                  build/obj/chregistry.o
                                                  build/obj/chtm.o
                                                  build/obj/chthreads.o
                                                  build/obj/chvt.o
                                                  build/obj/chsys.o
chCondBroadcast                                   build/obj/chcond.o
                                                  build/obj/testmtx.o
chCondBroadcastI                                  build/obj/chcond.o
chCondObjectInit                                  build/obj/chcond.o
                                                  build/obj/testmtx.o
chCondSignal                                      build/obj/chcond.o
                                                  build/obj/testmtx.o
chCondSignalI                                     build/obj/chcond.o
                                                  build/obj/testmtx.o
chCondWait                                        build/obj/chcond.o
                                                  build/obj/testmtx.o
chCondWaitS                                       build/obj/chcond.o
chCondWaitTimeout                                 build/obj/chcond.o
                                                  build/obj/testmtx.o
chCondWaitTimeoutS                                build/obj/chcond.o
chCoreAlloc                                       build/obj/chmemcore.o
                                                  build/obj/chheap.o
chCoreAllocI                                      build/obj/chmemcore.o
chCoreGetStatusX                                  build/obj/chmemcore.o
                                                  build/obj/testheap.o
chEvtAddEvents                                    build/obj/chevents.o
                                                  build/obj/testevt.o
chEvtBroadcastFlags                               build/obj/chevents.o
                                                  build/obj/testevt.o
chEvtBroadcastFlagsI                              build/obj/chevents.o
                                                  build/obj/serial_lld.o
                                                  build/obj/serial.o
chEvtDispatch                                     build/obj/chevents.o
                                                  build/obj/testevt.o
chEvtGetAndClearEvents                            build/obj/chevents.o
                                                  build/obj/testevt.o
chEvtGetAndClearFlags                             build/obj/chevents.o
chEvtGetAndClearFlagsI                            build/obj/chevents.o
chEvtRegisterMaskWithFlags                        build/obj/chevents.o
                                                  build/obj/testevt.o
chEvtSignal                                       build/obj/chevents.o
                                                  build/obj/testevt.o
chEvtSignalI                                      build/obj/chevents.o
chEvtUnregister                                   build/obj/chevents.o
                                                  build/obj/testevt.o
chEvtWaitAll                                      build/obj/chevents.o
                                                  build/obj/testevt.o
chEvtWaitAllTimeout                               build/obj/chevents.o
                                                  build/obj/testevt.o
chEvtWaitAny                                      build/obj/chevents.o
                                                  build/obj/testevt.o
chEvtWaitAnyTimeout                               build/obj/chevents.o
                                                  build/obj/testevt.o
chEvtWaitOne                                      build/obj/chevents.o
                                                  build/obj/testevt.o
chEvtWaitOneTimeout                               build/obj/chevents.o
                                                  build/obj/testevt.o
chHeapAlloc                                       build/obj/chheap.o
                                                  build/obj/testdyn.o
                                                  build/obj/testheap.o
                                                  build/obj/chdynamic.o
chHeapFree                                        build/obj/chheap.o
                                                  build/obj/testdyn.o
                                                  build/obj/testheap.o
                                                  build/obj/chdynamic.o
chHeapObjectInit                                  build/obj/chheap.o
                                                  build/obj/testdyn.o
                                                  build/obj/testheap.o
chHeapStatus                                      build/obj/chheap.o
                                                  build/obj/testdyn.o
                                                  build/obj/testheap.o
chIQGetTimeout                                    build/obj/chqueues.o
                                                  build/obj/testbmk.o
                                                  build/obj/testqueues.o
                                                  build/obj/serial.o
chIQObjectInit                                    build/obj/chqueues.o
                                                  build/obj/testbmk.o
                                                  build/obj/testqueues.o
                                                  build/obj/serial.o
chIQPutI                                          build/obj/chqueues.o
                                                  build/obj/testbmk.o
                                                  build/obj/testqueues.o
                                                  build/obj/serial.o
chIQReadTimeout                                   build/obj/chqueues.o
                                                  build/obj/testqueues.o
                                                  build/obj/serial.o
chIQResetI                                        build/obj/chqueues.o
                                                  build/obj/testqueues.o
                                                  build/obj/serial.o
chMBFetch                                         build/obj/chmboxes.o
                                                  build/obj/testmbox.o
chMBFetchI                                        build/obj/chmboxes.o
                                                  build/obj/testmbox.o
chMBFetchS                                        build/obj/chmboxes.o
chMBObjectInit                                    build/obj/chmboxes.o
                                                  build/obj/testmbox.o
chMBPost                                          build/obj/chmboxes.o
                                                  build/obj/testmbox.o
chMBPostAhead                                     build/obj/chmboxes.o
                                                  build/obj/testmbox.o
chMBPostAheadI                                    build/obj/chmboxes.o
                                                  build/obj/testmbox.o
chMBPostAheadS                                    build/obj/chmboxes.o
chMBPostI                                         build/obj/chmboxes.o
                                                  build/obj/testmbox.o
chMBPostS                                         build/obj/chmboxes.o
chMBReset                                         build/obj/chmboxes.o
                                                  build/obj/testmbox.o
chMBResetI                                        build/obj/chmboxes.o
chMsgRelease                                      build/obj/chmsg.o
                                                  build/obj/testbmk.o
                                                  build/obj/testmsg.o
chMsgSend                                         build/obj/chmsg.o
                                                  build/obj/testbmk.o
                                                  build/obj/testmsg.o
chMsgWait                                         build/obj/chmsg.o
                                                  build/obj/testbmk.o
                                                  build/obj/testmsg.o
chMtxLock                                         build/obj/chmtx.o
                                                  build/obj/testbmk.o
                                                  build/obj/testmtx.o
                                                  build/obj/adc.o
                                                  build/obj/chheap.o
chMtxLockS                                        build/obj/chmtx.o
                                                  build/obj/chcond.o
chMtxObjectInit                                   build/obj/chmtx.o
                                                  build/obj/testbmk.o
                                                  build/obj/testmtx.o
                                                  build/obj/adc.o
                                                  build/obj/chheap.o
chMtxTryLock                                      build/obj/chmtx.o
                                                  build/obj/testmtx.o
chMtxTryLockS                                     build/obj/chmtx.o
chMtxUnlock                                       build/obj/chmtx.o
                                                  build/obj/testbmk.o
                                                  build/obj/testmtx.o
                                                  build/obj/adc.o
                                                  build/obj/chheap.o
chMtxUnlockAll                                    build/obj/chmtx.o
                                                  build/obj/testmtx.o
chMtxUnlockS                                      build/obj/chmtx.o
                                                  build/obj/testmtx.o
                                                  build/obj/chcond.o
chOQGetI                                          build/obj/chqueues.o
                                                  build/obj/testqueues.o
                                                  build/obj/serial_lld.o
                                                  build/obj/serial.o
chOQObjectInit                                    build/obj/chqueues.o
                                                  build/obj/testqueues.o
                                                  build/obj/serial.o
chOQPutTimeout                                    build/obj/chqueues.o
                                                  build/obj/testqueues.o
                                                  build/obj/serial.o
chOQResetI                                        build/obj/chqueues.o
                                                  build/obj/testqueues.o
                                                  build/obj/serial.o
chOQWriteTimeout                                  build/obj/chqueues.o
                                                  build/obj/testqueues.o
                                                  build/obj/serial.o
chPoolAlloc                                       build/obj/chmempools.o
                                                  build/obj/testdyn.o
                                                  build/obj/testpools.o
                                                  build/obj/chdynamic.o
chPoolAllocI                                      build/obj/chmempools.o
chPoolFree                                        build/obj/chmempools.o
                                                  build/obj/testdyn.o
                                                  build/obj/testpools.o
                                                  build/obj/chdynamic.o
chPoolFreeI                                       build/obj/chmempools.o
chPoolLoadArray                                   build/obj/chmempools.o
                                                  build/obj/testpools.o
chPoolObjectInit                                  build/obj/chmempools.o
                                                  build/obj/testdyn.o
                                                  build/obj/testpools.o
chRegFirstThread                                  build/obj/chregistry.o
                                                  build/obj/testdyn.o
chRegNextThread                                   build/obj/chregistry.o
                                                  build/obj/testdyn.o
chSchDoReschedule                                 build/obj/chschd.o
                                                  build/obj/chcoreasm_v7m.o
chSchDoRescheduleAhead                            build/obj/chschd.o
chSchDoRescheduleBehind                           build/obj/chschd.o
                                                  build/obj/chthreads.o
chSchGoSleepS                                     build/obj/chschd.o
                                                  build/obj/testbmk.o
                                                  build/obj/chmsg.o
                                                  build/obj/chevents.o
                                                  build/obj/chcond.o
                                                  build/obj/chmtx.o
                                                  build/obj/chsem.o
                                                  build/obj/chthreads.o
chSchGoSleepTimeoutS                              build/obj/chschd.o
                                                  build/obj/chevents.o
                                                  build/obj/chcond.o
                                                  build/obj/chsem.o
                                                  build/obj/chthreads.o
chSchIsPreemptionRequired                         build/obj/chschd.o
                                                  build/obj/chcore_v7m.o
chSchReadyI                                       build/obj/chschd.o
                                                  build/obj/chmsg.o
                                                  build/obj/chevents.o
                                                  build/obj/chcond.o
                                                  build/obj/chmtx.o
                                                  build/obj/chsem.o
                                                  build/obj/chthreads.o
chSchRescheduleS                                  build/obj/chschd.o
                                                  build/obj/testmtx.o
                                                  build/obj/testsem.o
                                                  build/obj/serial.o
                                                  build/obj/chmboxes.o
                                                  build/obj/chevents.o
                                                  build/obj/chcond.o
                                                  build/obj/chmtx.o
                                                  build/obj/chsem.o
                                                  build/obj/chthreads.o
                                                  build/obj/chsys.o
chSchWakeupS                                      build/obj/chschd.o
                                                  build/obj/testbmk.o
                                                  build/obj/chmsg.o
                                                  build/obj/chcond.o
                                                  build/obj/chmtx.o
                                                  build/obj/chsem.o
                                                  build/obj/chdynamic.o
                                                  build/obj/chthreads.o
chSemAddCounterI                                  build/obj/chsem.o
                                                  build/obj/testsem.o
chSemObjectInit                                   build/obj/chsem.o
                                                  build/obj/testbmk.o
                                                  build/obj/testsem.o
                                                  build/obj/chmboxes.o
chSemReset                                        build/obj/chsem.o
                                                  build/obj/testbmk.o
                                                  build/obj/testsem.o
chSemResetI                                       build/obj/chsem.o
                                                  build/obj/chmboxes.o
chSemSignal                                       build/obj/chsem.o
                                                  build/obj/testbmk.o
                                                  build/obj/testsem.o
chSemSignalI                                      build/obj/chsem.o
                                                  build/obj/testsem.o
                                                  build/obj/chmboxes.o
chSemSignalWait                                   build/obj/chsem.o
                                                  build/obj/testsem.o
chSemWait                                         build/obj/chsem.o
                                                  build/obj/testbmk.o
                                                  build/obj/testsem.o
chSemWaitS                                        build/obj/chsem.o
chSemWaitTimeout                                  build/obj/chsem.o
                                                  build/obj/testsem.o
chSemWaitTimeoutS                                 build/obj/chsem.o
                                                  build/obj/chmboxes.o
chSysGetStatusAndLockX                            build/obj/chsys.o
                                                  build/obj/testsys.o
chSysHalt                                         build/obj/chsys.o
chSysInit                                         build/obj/chsys.o
                                                  build/obj/main.o
chSysIntegrityCheckI                              build/obj/chsys.o
                                                  build/obj/testsys.o
chSysIsCounterWithinX                             build/obj/chsys.o
chSysPolledDelayX                                 build/obj/chsys.o
chSysRestoreStatusX                               build/obj/chsys.o
                                                  build/obj/testsys.o
chSysTimerHandlerI                                build/obj/chsys.o
                                                  build/obj/st_lld.o
chTMChainMeasurementToX                           build/obj/chtm.o
chTMObjectInit                                    build/obj/chtm.o
chTMStartMeasurementX                             build/obj/chtm.o
chTMStopMeasurementX                              build/obj/chtm.o
chThdAddRef                                       build/obj/chdynamic.o
                                                  build/obj/testdyn.o
chThdCreateFromHeap                               build/obj/chdynamic.o
                                                  build/obj/testdyn.o
chThdCreateFromMemoryPool                         build/obj/chdynamic.o
                                                  build/obj/testdyn.o
chThdCreateI                                      build/obj/chthreads.o
                                                  build/obj/testthd.o
                                                  build/obj/chdynamic.o
chThdCreateStatic                                 build/obj/chthreads.o
                                                  build/obj/main.o
                                                  build/obj/testbmk.o
                                                  build/obj/testqueues.o
                                                  build/obj/testevt.o
                                                  build/obj/testmsg.o
                                                  build/obj/testmtx.o
                                                  build/obj/testsem.o
                                                  build/obj/testthd.o
                                                  build/obj/chsys.o
chThdDequeueAllI                                  build/obj/chthreads.o
                                                  build/obj/chqueues.o
chThdDequeueNextI                                 build/obj/chthreads.o
                                                  build/obj/chqueues.o
chThdEnqueueTimeoutS                              build/obj/chthreads.o
                                                  build/obj/chqueues.o
chThdExit                                         build/obj/chthreads.o
                                                  build/obj/testbmk.o
                                                  build/obj/chcoreasm_v7m.o
chThdExitS                                        build/obj/chthreads.o
chThdRelease                                      build/obj/chdynamic.o
                                                  build/obj/testdyn.o
                                                  build/obj/chregistry.o
                                                  build/obj/chthreads.o
chThdResume                                       build/obj/chthreads.o
chThdResumeI                                      build/obj/chthreads.o
                                                  build/obj/adc_lld.o
                                                  build/obj/adc.o
chThdResumeS                                      build/obj/chthreads.o
                                                  build/obj/adc.o
chThdSetPriority                                  build/obj/chthreads.o
                                                  build/obj/testthd.o
chThdSleep                                        build/obj/chthreads.o
                                                  build/obj/main.o
                                                  build/obj/testbmk.o